 MemoryManager

 Timestamp is 63e2cf71 (Tue Feb 07 14:23:45 2023)

 Preferred load address is 10000000

 Start         Length     Name                   Class
 0001:00000000 00002376H .text                   CODE
 0001:00002380 000000fcH .text$yc                CODE
 0001:00002480 00000085H .text$yd                CODE
 0002:00000000 000000ccH .idata$5                DATA
 0002:000000cc 00000004H .CRT$XCA                DATA
 0002:000000d0 00000014H .CRT$XCL                DATA
 0002:000000e4 00000004H .CRT$XCZ                DATA
 0002:000000e8 00000004H .CRT$XIA                DATA
 0002:000000ec 00000004H .CRT$XIAA               DATA
 0002:000000f0 00000004H .CRT$XIC                DATA
 0002:000000f4 00000004H .CRT$XIZ                DATA
 0002:00000100 00000ed0H .rdata                  DATA
 0002:00000fd0 00000068H .rdata$debug            DATA
 0002:00001038 00000004H .rtc$IAA                DATA
 0002:0000103c 00000004H .rtc$IZZ                DATA
 0002:00001040 00000004H .rtc$TAA                DATA
 0002:00001044 00000004H .rtc$TZZ                DATA
 0002:00001048 00000064H .xdata$x                DATA
 0002:000010ac 00000050H .idata$2                DATA
 0002:000010fc 00000014H .idata$3                DATA
 0002:00001110 000000ccH .idata$4                DATA
 0002:000011dc 00000336H .idata$6                DATA
 0002:00001520 000002dfH .edata                  DATA
 0003:00000000 00000010H .data                   DATA
 0003:00000010 0000037cH .bss                    DATA
 0004:00000000 00000058H .rsrc$01                DATA
 0004:00000060 00000180H .rsrc$02                DATA

  Address         Publics by Value              Rva+Base       Lib:Object

 0000:00000000       ___safe_se_handler_count   00000000     <absolute>
 0000:00000000       ___safe_se_handler_table   00000000     <absolute>
 0000:00000000       ___ImageBase               10000000     <linker-defined>
 0001:00000000       _DllMain@12                10001000 f   dllmain_debug.obj
 0001:000000f0       ?Push@_TSListBase32@@QAEPAU_TSLNode32@@PAU2@@Z 100010f0 f i FastAllocator.obj
 0001:000001d0       ?Pop@_TSListBase32@@QAEPAU_TSLNode32@@XZ 100011d0 f i FastAllocator.obj
 0001:00000270       ?CheckMemoryManagerConfiguration@@YAXH@Z 10001270 f i MemoryManager_debug.obj
 0001:00000270       ??1?$TSList@UChunk@FastFixedAllocator@@@@QAE@XZ 10001270 f i FastAllocator.obj
 0001:00000270       ??1?$TSList@ULink@FastFixedAllocator@@@@QAE@XZ 10001270 f i FastAllocator.obj
 0001:00000280       ?Grow@FastFixedAllocator@@QAEXXZ 10001280 f i FastAllocator.obj
 0001:00000310       ??0FastAllocatorGeneral@@QAE@XZ 10001310 f i FastAllocator.obj
 0001:000003f0       ?SetThreadTrackingInformation@@YAXPBDI0@Z 100013f0 f   MemoryManager_debug.obj
 0001:00000410       ?PushAllocationTag@@YAXPBD@Z 10001410 f   MemoryManager_debug.obj
 0001:00000450       ?PopAllocationTag@@YAXXZ   10001450 f   MemoryManager_debug.obj
 0001:00000470       ?AllocateMemory@@YAPAXI@Z  10001470 f   MemoryManager_debug.obj
 0001:00000490       ?AllocateMemory@@YAPAXIW4AllocType@@PBDI1@Z 10001490 f   MemoryManager_debug.obj
 0001:000004b0       ?ReallocateMemory@@YAPAXPAXI@Z 100014b0 f   MemoryManager_debug.obj
 0001:000004d0       ?ReallocateMemory@@YAPAXPAXIPBDI1@Z 100014d0 f   MemoryManager_debug.obj
 0001:000004f0       ?FreeMemory@@YAXPAX@Z      100014f0 f   MemoryManager_debug.obj
 0001:00000610       ?FreeMemory@@YAXPAXW4DeallocType@@PBDI2@Z 10001610 f   MemoryManager_debug.obj
 0001:00000630       ?GetMemorySize@@YAIPAX@Z   10001630 f   MemoryManager_debug.obj
 0001:00000690       ??2@YAPAXI@Z               10001690 f   MemoryManager_debug.obj
 0001:000006c0       ??2@YAPAXIPBDI@Z           100016c0 f   MemoryManager_debug.obj
 0001:000006e0       ??3@YAXPAX@Z               100016e0 f   MemoryManager_debug.obj
 0001:00000710       ??3@YAXPAXPBDI@Z           10001710 f   MemoryManager_debug.obj
 0001:00000720       ??_U@YAPAXI@Z              10001720 f   MemoryManager_debug.obj
 0001:00000750       ??_U@YAPAXIPBDI@Z          10001750 f   MemoryManager_debug.obj
 0001:00000770       ??_V@YAXPAX@Z              10001770 f   MemoryManager_debug.obj
 0001:000007a0       ??_V@YAXPAXPBDI@Z          100017a0 f   MemoryManager_debug.obj
 0001:000007b0       ?Allocate@FastFixedAllocator@@QAEPAXXZ 100017b0 f i MemTracker.obj
 0001:00000870       ?Allocate@FastAllocatorGeneral@@QAEPAXI@Z 10001870 f i MemTracker.obj
 0001:00000940       ?Free@FastAllocatorGeneral@@QAEXPAX@Z 10001940 f i MemTracker.obj
 0001:000009c0       ?InsertAfter@DListBase@@QAEXPAVDLNodeBase@@0@Z 100019c0 f i MemTracker.obj
 0001:00000a90       ?PopHead@DListBase@@QAEPAVDLNodeBase@@XZ 10001a90 f i MemTracker.obj
 0001:00000b10       ??0AllocationUnit@@QAE@XZ  10001b10 f i MemTracker.obj
 0001:00000bc0       ?ClearThreadLocalInformation@MemoryTracker@@KAXXZ 10001bc0 f i MemTracker.obj
 0001:00000c10       ??1MemoryTracker@@QAE@XZ   10001c10 f   MemTracker.obj
 0001:00000e20       ??_GAllocationUnit@@QAEPAXI@Z 10001e20 f i MemTracker.obj
 0001:00000e70       ?WipeMemoryWithPattern@MemoryTracker@@KAXPAVAllocationUnit@@HI@Z 10001e70 f   MemTracker.obj
 0001:00000ef0       ?ValidateAllocationUnit@MemoryTracker@@KA_NPAVAllocationUnit@@@Z 10001ef0 f   MemTracker.obj
 0001:00000f90       ?SetThreadLocalInformation@MemoryTracker@@SAXPBD0H@Z 10001f90 f   MemTracker.obj
 0001:00001010       ?Allocate@MemoryTracker@@SAPAXIW4AllocType@@PBD1H@Z 10002010 f   MemTracker.obj
 0001:00001200       ?Reallocate@MemoryTracker@@SAPAXPAXIPBD1H@Z 10002200 f   MemTracker.obj
 0001:00001530       ?Free@MemoryTracker@@SAXPAXW4DeallocType@@PBD2H@Z 10002530 f   MemTracker.obj
 0001:000016c0       ___atonexitinit            100026c0 f   MSVCRTD:atonexit.obj
 0001:00001770       __onexit                   10002770 f   MSVCRTD:atonexit.obj
 0001:00001870       _atexit                    10002870 f   MSVCRTD:atonexit.obj
 0001:00001920       _NtCurrentTeb              10002920 f i MSVCRTD:crtdll.obj
 0001:00001930       __CRT_INIT@12              10002930 f   MSVCRTD:crtdll.obj
 0001:00001c10       __DllMainCRTStartup@12     10002c10 f   MSVCRTD:crtdll.obj
 0001:00001e00       __lock                     10002e00 f   MSVCRTD:MSVCR110D.dll
 0001:00001e06       __unlock                   10002e06 f   MSVCRTD:MSVCR110D.dll
 0001:00001e0c       ___dllonexit               10002e0c f   MSVCRTD:MSVCR110D.dll
 0001:00001e20       __except_handler4          10002e20 f   MSVCRTD:chandler4gs.obj
 0001:00001e48       ___CppXcptFilter           10002e48 f   MSVCRTD:MSVCR110D.dll
 0001:00001e4e       __amsg_exit                10002e4e f   MSVCRTD:MSVCR110D.dll
 0001:00001e60       __FindPESection            10002e60 f   MSVCRTD:pesect.obj
 0001:00001ee0       __IsNonwritableInCurrentImage 10002ee0 f   MSVCRTD:pesect.obj
 0001:00002010       __ValidateImageBase        10003010 f   MSVCRTD:pesect.obj
 0001:00002070       ___security_init_cookie    10003070 f   MSVCRTD:gs_support.obj
 0001:00002150       __RTC_Initialize           10003150 f   MSVCRTD:initsect.obj
 0001:00002180       __RTC_Terminate            10003180 f   MSVCRTD:initsect.obj
 0001:000021a6       __initterm                 100031a6 f   MSVCRTD:MSVCR110D.dll
 0001:000021ac       __initterm_e               100031ac f   MSVCRTD:MSVCR110D.dll
 0001:000021c0       ___clean_type_info_names   100031c0 f   MSVCRTD:tncleanup.obj
 0001:000021e0       @__security_check_cookie@4 100031e0 f   MSVCRTD:secchk.obj
 0001:000021f0       __except_handler4_common   100031f0 f   MSVCRTD:MSVCR110D.dll
 0001:000021f6       ___clean_type_info_names_internal 100031f6 f   MSVCRTD:MSVCR110D.dll
 0001:00002200       ___raise_securityfailure   10003200 f   MSVCRTD:gs_report.obj
 0001:00002250       ___report_gsfailure        10003250 f   MSVCRTD:gs_report.obj
 0001:00002352       __crt_debugger_hook        10003352 f   MSVCRTD:MSVCR110D.dll
 0001:00002358       ___crtUnhandledException   10003358 f   MSVCRTD:MSVCR110D.dll
 0001:0000235e       ___crtTerminateProcess     1000335e f   MSVCRTD:MSVCR110D.dll
 0001:00002364       _IsProcessorFeaturePresent@4 10003364 f   kernel32:KERNEL32.dll
 0001:0000236a       _memcpy                    1000336a f   MSVCRTD:MSVCR110D.dll
 0001:00002370       _memset                    10003370 f   MSVCRTD:MSVCR110D.dll
 0002:00000000       __imp__TlsGetValue@4       10004000     kernel32:KERNEL32.dll
 0002:00000004       __imp__TlsSetValue@8       10004004     kernel32:KERNEL32.dll
 0002:00000008       __imp__TlsAlloc@0          10004008     kernel32:KERNEL32.dll
 0002:0000000c       __imp__TlsFree@4           1000400c     kernel32:KERNEL32.dll
 0002:00000010       __imp__SetCurrentDirectoryA@4 10004010     kernel32:KERNEL32.dll
 0002:00000014       __imp__GetModuleFileNameA@12 10004014     kernel32:KERNEL32.dll
 0002:00000018       __imp__OutputDebugStringA@4 10004018     kernel32:KERNEL32.dll
 0002:0000001c       __imp__GetCurrentProcessId@0 1000401c     kernel32:KERNEL32.dll
 0002:00000020       __imp__IsProcessorFeaturePresent@4 10004020     kernel32:KERNEL32.dll
 0002:00000024       __imp__IsDebuggerPresent@0 10004024     kernel32:KERNEL32.dll
 0002:00000028       __imp__GetSystemTimeAsFileTime@4 10004028     kernel32:KERNEL32.dll
 0002:0000002c       __imp__QueryPerformanceCounter@4 1000402c     kernel32:KERNEL32.dll
 0002:00000030       __imp__DecodePointer@4     10004030     kernel32:KERNEL32.dll
 0002:00000034       __imp__EncodePointer@4     10004034     kernel32:KERNEL32.dll
 0002:00000038       __imp__GetCurrentThreadId@0 10004038     kernel32:KERNEL32.dll
 0002:0000003c       \177KERNEL32_NULL_THUNK_DATA 1000403c     kernel32:KERNEL32.dll
 0002:00000040       __imp__fopen               10004040     MSVCRTD:MSVCR110D.dll
 0002:00000044       __imp__fprintf             10004044     MSVCRTD:MSVCR110D.dll
 0002:00000048       __imp__strcpy_s            10004048     MSVCRTD:MSVCR110D.dll
 0002:0000004c       __imp__strrchr             1000404c     MSVCRTD:MSVCR110D.dll
 0002:00000050       __imp__fclose              10004050     MSVCRTD:MSVCR110D.dll
 0002:00000054       __imp__strncpy_s           10004054     MSVCRTD:MSVCR110D.dll
 0002:00000058       __imp___lock               10004058     MSVCRTD:MSVCR110D.dll
 0002:0000005c       __imp__sprintf             1000405c     MSVCRTD:MSVCR110D.dll
 0002:00000060       __imp___CrtDbgReportW      10004060     MSVCRTD:MSVCR110D.dll
 0002:00000064       __imp___calloc_dbg         10004064     MSVCRTD:MSVCR110D.dll
 0002:00000068       __imp____dllonexit         10004068     MSVCRTD:MSVCR110D.dll
 0002:0000006c       __imp___onexit             1000406c     MSVCRTD:MSVCR110D.dll
 0002:00000070       __imp____CppXcptFilter     10004070     MSVCRTD:MSVCR110D.dll
 0002:00000074       __imp___amsg_exit          10004074     MSVCRTD:MSVCR110D.dll
 0002:00000078       __imp___malloc_dbg         10004078     MSVCRTD:MSVCR110D.dll
 0002:0000007c       __imp___free_dbg           1000407c     MSVCRTD:MSVCR110D.dll
 0002:00000080       __imp___CrtSetCheckCount   10004080     MSVCRTD:MSVCR110D.dll
 0002:00000084       __imp___initterm           10004084     MSVCRTD:MSVCR110D.dll
 0002:00000088       __imp___initterm_e         10004088     MSVCRTD:MSVCR110D.dll
 0002:0000008c       __imp___except_handler4_common 1000408c     MSVCRTD:MSVCR110D.dll
 0002:00000090       __imp____clean_type_info_names_internal 10004090     MSVCRTD:MSVCR110D.dll
 0002:00000094       __imp___crt_debugger_hook  10004094     MSVCRTD:MSVCR110D.dll
 0002:00000098       __imp____crtUnhandledException 10004098     MSVCRTD:MSVCR110D.dll
 0002:0000009c       __imp____crtTerminateProcess 1000409c     MSVCRTD:MSVCR110D.dll
 0002:000000a0       __imp___wassert            100040a0     MSVCRTD:MSVCR110D.dll
 0002:000000a4       __imp__malloc              100040a4     MSVCRTD:MSVCR110D.dll
 0002:000000a8       __imp__free                100040a8     MSVCRTD:MSVCR110D.dll
 0002:000000ac       __imp__memcpy              100040ac     MSVCRTD:MSVCR110D.dll
 0002:000000b0       __imp___unlock             100040b0     MSVCRTD:MSVCR110D.dll
 0002:000000b4       __imp__memset              100040b4     MSVCRTD:MSVCR110D.dll
 0002:000000b8       \177MSVCR110D_NULL_THUNK_DATA 100040b8     MSVCRTD:MSVCR110D.dll
 0002:000000bc       __imp__SHCreateDirectoryExA@12 100040bc     shell32:SHELL32.dll
 0002:000000c0       \177SHELL32_NULL_THUNK_DATA 100040c0     shell32:SHELL32.dll
 0002:000000c4       __imp__PathFileExistsA@4   100040c4     shlwapi:SHLWAPI.dll
 0002:000000c8       \177SHLWAPI_NULL_THUNK_DATA 100040c8     shlwapi:SHLWAPI.dll
 0002:000000cc       ___xc_a                    100040cc     MSVCRTD:cinitexe.obj
 0002:000000e4       ___xc_z                    100040e4     MSVCRTD:cinitexe.obj
 0002:000000e8       ___xi_a                    100040e8     MSVCRTD:cinitexe.obj
 0002:000000f4       ___xi_z                    100040f4     MSVCRTD:cinitexe.obj
 0002:00000138       ??_C@_1LK@BJHNKBFO@?$AA?$CI?$AA_?$AA_?$AAo?$AAn?$AAe?$AAx?$AAi?$AAt?$AAe?$AAn?$AAd?$AA?5?$AA?$CB?$AA?$DN?$AA?5?$AAN?$AAU?$AAL?$AAL?$AA?5?$AA?$CG?$AA?$CG?$AA?5?$AA_?$AA_?$AAo?$AAn?$AAe?$AAx?$AAi?$AAt@ 10004138     MSVCRTD:atonexit.obj
 0002:000001f4       ??_C@_15GANGMFKL@?$AA?$CF?$AAs?$AA?$AA@ 100041f4     MSVCRTD:atonexit.obj
 0002:00000200       ??_C@_1GE@KOKOIPKN@?$AAf?$AA?3?$AA?2?$AAd?$AAd?$AA?2?$AAv?$AAc?$AAt?$AAo?$AAo?$AAl?$AAs?$AA?2?$AAc?$AAr?$AAt?$AA_?$AAb?$AAl?$AAd?$AA?2?$AAs?$AAe?$AAl?$AAf?$AA_?$AAx?$AA8?$AA6?$AA?2?$AAc@ 10004200     MSVCRTD:atonexit.obj
 0002:00000264       ??_C@_0DC@KIAPAJCJ@f?3?2dd?2vctools?2crt_bld?2self_x86?2c@ 10004264     MSVCRTD:atonexit.obj
 0002:00000298       __pDefaultRawDllMain       10004298     MSVCRTD:crtdll.obj
 0002:00000298       __pRawDllMain              10004298     MSVCRTD:crtdll.obj
 0002:0000029c       ??_C@_0DA@FJPPCPEH@f?3?2dd?2vctools?2crt_bld?2self_x86?2c@ 1000429c     MSVCRTD:crtdll.obj
 0002:000002d8       ??_C@_1HA@PFFIGKEC@?$AAx?$AA?3?$AA?2?$AAg?$AAi?$AAt?$AAh?$AAu?$AAb?$AA?2?$AAr?$AAe?$AAn?$AAe?$AAg?$AAa?$AAd?$AAe?$AA?2?$AAd?$AAr?$AAa?$AAg?$AAo?$AAn?$AAa?$AAd?$AAe?$AA_?$AAr?$AAx?$AAd@ 100042d8     FastAllocator.obj
 0002:00000348       ??_C@_1GC@IPODKEJ@?$AA?$CI?$AA?$CI?$AAs?$AAi?$AAz?$AAe?$AA_?$AAt?$AA?$CJ?$AA?5?$AAt?$AAh?$AAi?$AAs?$AA?5?$AA?$CF?$AA?5?$AAP?$AAL?$AAA?$AAT?$AAF?$AAO?$AAR?$AAM?$AA_?$AAM?$AAE?$AAM?$AAO?$AAR?$AAY@ 10004348     FastAllocator.obj
 0002:000003ac       ??_C@_1O@NIJNBMFJ@?$AAm?$AAe?$AAm?$AAo?$AAr?$AAy?$AA?$AA@ 100043ac     FastAllocator.obj
 0002:000003bc       ??_C@_1CE@CODLPNHK@?$AAF?$AAa?$AAs?$AAt?$AAA?$AAl?$AAl?$AAo?$AAc?$AAa?$AAt?$AAo?$AAr?$AA?4?$AAc?$AAp?$AAp?$AA?$AA@ 100043bc     FastAllocator.obj
 0002:000003e0       ??_C@_0BD@OJFFOEJL@?$CIUnknown?5Function?$CJ?$AA@ 100043e0     MemoryManager_debug.obj
 0002:000003f4       ??_C@_0P@OLMEFAAF@?$CIUnknown?5File?$CJ?$AA@ 100043f4     MemoryManager_debug.obj
 0002:00000408       ??_C@_1HO@PBNFMELI@?$AAx?$AA?3?$AA?2?$AAg?$AAi?$AAt?$AAh?$AAu?$AAb?$AA?2?$AAr?$AAe?$AAn?$AAe?$AAg?$AAa?$AAd?$AAe?$AA?2?$AAd?$AAr?$AAa?$AAg?$AAo?$AAn?$AAa?$AAd?$AAe?$AA_?$AAr?$AAx?$AAd@ 10004408     MemTracker.obj
 0002:00000488       ??_C@_1EE@PCKHKONG@?$AA?$CI?$AAi?$AAn?$AAp?$AAu?$AAt?$AA?5?$AA?$CG?$AA?5?$AA0?$AAx?$AAF?$AAF?$AAF?$AAF?$AAF?$AAF?$AAF?$AAF?$AA0?$AA0?$AA0?$AA0?$AA0?$AA0?$AA0?$AA0?$AA?$CJ?$AA?5?$AA?$DN?$AA?$DN?$AA?5@ 10004488     MemTracker.obj
 0002:000004d0       ??_C@_1GO@BEDELNHP@?$AAx?$AA?3?$AA?2?$AAg?$AAi?$AAt?$AAh?$AAu?$AAb?$AA?2?$AAr?$AAe?$AAn?$AAe?$AAg?$AAa?$AAd?$AAe?$AA?2?$AAd?$AAr?$AAa?$AAg?$AAo?$AAn?$AAa?$AAd?$AAe?$AA_?$AAr?$AAx?$AAd@ 100044d0     MemTracker.obj
 0002:00000540       ??_C@_1CG@HEKIGBGD@?$AAt?$AAh?$AAi?$AAs?$AA?9?$AA?$DO?$AAH?$AAe?$AAa?$AAd?$AA?5?$AA?$DN?$AA?$DN?$AA?5?$AAN?$AAU?$AAL?$AAL?$AA?$AA@ 10004540     MemTracker.obj
 0002:00000568       ??_C@_1CG@OMNJOPJE@?$AAt?$AAh?$AAi?$AAs?$AA?9?$AA?$DO?$AAT?$AAa?$AAi?$AAl?$AA?5?$AA?$DN?$AA?$DN?$AA?5?$AAN?$AAU?$AAL?$AAL?$AA?$AA@ 10004568     MemTracker.obj
 0002:00000590       ??_C@_1DK@FJPHHHDI@?$AAn?$AAo?$AAd?$AAe?$AA_?$AAt?$AAo?$AA_?$AAi?$AAn?$AAs?$AAe?$AAr?$AAt?$AA?9?$AA?$DO?$AAL?$AAi?$AAs?$AAt?$AA?5?$AA?$DN?$AA?$DN?$AA?5?$AAN?$AAU?$AAL?$AAL?$AA?$AA@ 10004590     MemTracker.obj
 0002:000005cc       ??_C@_1DK@HHINBFPG@?$AAn?$AAo?$AAd?$AAe?$AA_?$AAt?$AAo?$AA_?$AAi?$AAn?$AAs?$AAe?$AAr?$AAt?$AA?9?$AA?$DO?$AAN?$AAe?$AAx?$AAt?$AA?5?$AA?$DN?$AA?$DN?$AA?5?$AAN?$AAU?$AAL?$AAL?$AA?$AA@ 100045cc     MemTracker.obj
 0002:00000608       ??_C@_1EC@OCKBJEMP@?$AAn?$AAo?$AAd?$AAe?$AA_?$AAt?$AAo?$AA_?$AAi?$AAn?$AAs?$AAe?$AAr?$AAt?$AA?9?$AA?$DO?$AAP?$AAr?$AAe?$AAv?$AAi?$AAo?$AAu?$AAs?$AA?5?$AA?$DN?$AA?$DN?$AA?5?$AAN?$AAU?$AAL?$AAL@ 10004608     MemTracker.obj
 0002:0000064c       ??_C@_1CG@DFKNIMDF@?$AAt?$AAh?$AAi?$AAs?$AA?9?$AA?$DO?$AAH?$AAe?$AAa?$AAd?$AA?5?$AA?$CB?$AA?$DN?$AA?5?$AAN?$AAU?$AAL?$AAL?$AA?$AA@ 1000464c     MemTracker.obj
 0002:00000674       ??_C@_1CG@KNNMACMC@?$AAt?$AAh?$AAi?$AAs?$AA?9?$AA?$DO?$AAT?$AAa?$AAi?$AAl?$AA?5?$AA?$CB?$AA?$DN?$AA?5?$AAN?$AAU?$AAL?$AAL?$AA?$AA@ 10004674     MemTracker.obj
 0002:0000069c       ??_C@_1CG@JPJLGBEJ@?$AAn?$AAo?$AAd?$AAe?$AA?9?$AA?$DO?$AAL?$AAi?$AAs?$AAt?$AA?5?$AA?$DN?$AA?$DN?$AA?5?$AAt?$AAh?$AAi?$AAs?$AA?$AA@ 1000469c     MemTracker.obj
 0002:000006c4       ??_C@_1CG@ICFGHNLI@?$AAt?$AAh?$AAi?$AAs?$AA?9?$AA?$DO?$AAL?$AAi?$AAs?$AAt?$AA?5?$AA?$DN?$AA?$DN?$AA?5?$AAN?$AAU?$AAL?$AAL?$AA?$AA@ 100046c4     MemTracker.obj
 0002:000006ec       ??_C@_1BO@ODDDPHMM@?$AAM?$AAe?$AAm?$AAT?$AAr?$AAa?$AAc?$AAk?$AAe?$AAr?$AA?4?$AAc?$AAp?$AAp?$AA?$AA@ 100046ec     MemTracker.obj
 0002:0000070c       ??_C@_01KICIPPFI@?2?$AA@   1000470c     MemTracker.obj
 0002:00000710       ??_C@_0N@LFFEOAII@debug?2memory?$AA@ 10004710     MemTracker.obj
 0002:00000720       ??_C@_02GMLFBBN@wb?$AA@    10004720     MemTracker.obj
 0002:00000724       ??_C@_0BH@FABFNODC@debug?2memory?2leaks?4txt?$AA@ 10004724     MemTracker.obj
 0002:0000073c       ??_C@_0CK@FBKOEIAE@Failed?5to?5write?5to?5debug?2memory?2@ 1000473c     MemTracker.obj
 0002:00000768       ??_C@_0DC@DDHDNAPJ@address?7size?7file?7function?7line?7@ 10004768     MemTracker.obj
 0002:0000079c       ??_C@_07CIFAGBMG@unknown?$AA@ 1000479c     MemTracker.obj
 0002:000007a4       ??_C@_03CLCAEGCJ@new?$AA@  100047a4     MemTracker.obj
 0002:000007a8       ??_C@_05LEAFLCCG@new?$FL?$FN?$AA@ 100047a8     MemTracker.obj
 0002:000007b0       ??_C@_06GLDDLHNF@malloc?$AA@ 100047b0     MemTracker.obj
 0002:000007b8       ??_C@_06DLAMMMII@calloc?$AA@ 100047b8     MemTracker.obj
 0002:000007c0       ??_C@_07EOOHGPEI@realloc?$AA@ 100047c0     MemTracker.obj
 0002:000007c8       ??_C@_0M@IPKDCNKC@unvalidated?$AA@ 100047c8     MemTracker.obj
 0002:000007d4       ??_C@_0CL@FJOGLINP@0x?$CF08p?70x?$CF04IX?5?$CI?$CFIu?$CJ?7?$CF?4128s?7?$CF?412@ 100047d4     MemTracker.obj
 0002:00000800       ??_C@_0BH@FOPENCFM@?$CFd?5Memory?5Leaks?5found?6?$AA@ 10004800     MemTracker.obj
 0002:00000818       ??_C@_1CO@POGMJGLI@?$AA?$CK?$AAp?$AAr?$AAe?$AA?5?$AA?$DN?$AA?$DN?$AA?5?$AAP?$AAR?$AAE?$AAF?$AAI?$AAX?$AA_?$AAP?$AAA?$AAT?$AAT?$AAE?$AAR?$AAN?$AA?$AA@ 10004818     MemTracker.obj
 0002:00000848       ??_C@_1DC@HBEBNFEC@?$AA?$CK?$AAp?$AAo?$AAs?$AAt?$AA?5?$AA?$DN?$AA?$DN?$AA?5?$AAP?$AAO?$AAS?$AAT?$AAF?$AAI?$AAX?$AA_?$AAP?$AAA?$AAT?$AAT?$AAE?$AAR?$AAN?$AA?$AA@ 10004848     MemTracker.obj
 0002:0000087c       ??_C@_1DE@LBCBPKFK@?$AAt?$AAy?$AAp?$AAe?$AA?5?$AA?$CB?$AA?$DN?$AA?5?$AAA?$AAl?$AAl?$AAo?$AAc?$AAT?$AAy?$AAp?$AAe?$AA_?$AAU?$AAn?$AAk?$AAn?$AAo?$AAw?$AAn?$AA?$AA@ 1000487c     MemTracker.obj
 0002:000008b0       ??_C@_1BI@NNABAJNA@?$AAt?$AAa?$AAg?$AA?5?$AA?$CB?$AA?$DN?$AA?5?$AAN?$AAU?$AAL?$AAL?$AA?$AA@ 100048b0     MemTracker.obj
 0002:000008c8       ??_C@_1DG@JJIKBPKF@?$AAt?$AAa?$AAg?$AA?9?$AA?$DO?$AAA?$AAc?$AAt?$AAu?$AAa?$AAl?$AAA?$AAd?$AAd?$AAr?$AAe?$AAs?$AAs?$AA?5?$AA?$CB?$AA?$DN?$AA?5?$AAN?$AAU?$AAL?$AAL?$AA?$AA@ 100048c8     MemTracker.obj
 0002:00000900       ??_C@_1DI@EPMGAHAB@?$AAV?$AAa?$AAl?$AAi?$AAd?$AAa?$AAt?$AAe?$AAA?$AAl?$AAl?$AAo?$AAc?$AAa?$AAt?$AAi?$AAo?$AAn?$AAU?$AAn?$AAi?$AAt?$AA?$CI?$AAt?$AAa?$AAg?$AA?$CJ?$AA?$AA@ 10004900     MemTracker.obj
 0002:00000938       ??_C@_1KO@HLDIACEN@?$AA?$CI?$AAt?$AAa?$AAg?$AA?9?$AA?$DO?$AAA?$AAl?$AAl?$AAo?$AAc?$AAa?$AAt?$AAi?$AAo?$AAn?$AAT?$AAy?$AAp?$AAe?$AA?5?$AA?$CB?$AA?$DN?$AA?5?$AAA?$AAl?$AAl?$AAo?$AAc?$AAT?$AAy?$AAp@ 10004938     MemTracker.obj
 0002:000009e8       ??_C@_1DI@CBDDEKGK@?$AAt?$AAy?$AAp?$AAe?$AA?5?$AA?$CB?$AA?$DN?$AA?5?$AAD?$AAe?$AAa?$AAl?$AAl?$AAo?$AAc?$AAT?$AAy?$AAp?$AAe?$AA_?$AAU?$AAn?$AAk?$AAn?$AAo?$AAw?$AAn?$AA?$AA@ 100049e8     MemTracker.obj
 0002:00000a20       ??_C@_1FGC@DNPNIFOO@?$AA?$CI?$AAt?$AAa?$AAg?$AA?9?$AA?$DO?$AAA?$AAl?$AAl?$AAo?$AAc?$AAa?$AAt?$AAi?$AAo?$AAn?$AAT?$AAy?$AAp?$AAe?$AA?5?$AA?$DN?$AA?$DN?$AA?5?$AAA?$AAl?$AAl?$AAo?$AAc?$AAT?$AAy?$AAp@ 10004a20     MemTracker.obj
 0002:00000f88       __load_config_used         10004f88     MSVCRTD:loadcfg.obj
 0002:00001038       ___rtc_iaa                 10005038     MSVCRTD:initsect.obj
 0002:0000103c       ___rtc_izz                 1000503c     MSVCRTD:initsect.obj
 0002:00001040       ___rtc_taa                 10005040     MSVCRTD:initsect.obj
 0002:00001044       ___rtc_tzz                 10005044     MSVCRTD:initsect.obj
 0002:000010ac       __IMPORT_DESCRIPTOR_KERNEL32 100050ac     kernel32:KERNEL32.dll
 0002:000010c0       __IMPORT_DESCRIPTOR_SHELL32 100050c0     shell32:SHELL32.dll
 0002:000010d4       __IMPORT_DESCRIPTOR_SHLWAPI 100050d4     shlwapi:SHLWAPI.dll
 0002:000010e8       __IMPORT_DESCRIPTOR_MSVCR110D 100050e8     MSVCRTD:MSVCR110D.dll
 0002:000010fc       __NULL_IMPORT_DESCRIPTOR   100050fc     kernel32:KERNEL32.dll
 0003:00000000       ___security_cookie         10006000     MSVCRTD:gs_cookie.obj
 0003:00000004       ___security_cookie_complement 10006004     MSVCRTD:gs_cookie.obj
 0003:00000008       ___native_dllmain_reason   10006008     MSVCRTD:natstart.obj
 0003:0000000c       ?TLSIndex@@3KA             1000600c     dllmain_debug.obj
 0003:00000014       ?__type_info_root_node@@3U__type_info_node@@A 10006014     MSVCRTD:tncleanup.obj
 0003:00000340       ?CurrentAllocationCount@MemoryTracker@@1JA 10006340     MemTracker.obj
 0003:00000378       ___native_startup_lock     10006378     <common>
 0003:0000037c       ___native_startup_state    1000637c     <common>
 0003:00000380       ___dyn_tls_init_callback   10006380     <common>
 0003:00000384       ___onexitend               10006384     <common>
 0003:00000388       ___onexitbegin             10006388     <common>

 entry point at        0001:00001c10

 Static symbols

 0000:ffff7000       .debug$S                   10000000     kernel32:KERNEL32.dll
 0000:ffff7000       .debug$S                   10000000     MSVCRTD:MSVCR110D.dll
 0000:ffff7000       .debug$S                   10000000     MSVCRTD:MSVCR110D.dll
 0000:ffff7000       .debug$S                   10000000     MSVCRTD:MSVCR110D.dll
 0000:ffff7000       .debug$S                   10000000     MSVCRTD:MSVCR110D.dll
 0000:ffff7000       .debug$S                   10000000     MSVCRTD:MSVCR110D.dll
 0000:ffff7000       .debug$S                   10000000     MSVCRTD:MSVCR110D.dll
 0000:ffff7000       .debug$S                   10000000     MSVCRTD:MSVCR110D.dll
 0000:ffff7000       .debug$S                   10000000     MSVCRTD:MSVCR110D.dll
 0000:ffff7000       .debug$S                   10000000     MSVCRTD:MSVCR110D.dll
 0000:ffff7000       .debug$S                   10000000     MSVCRTD:MSVCR110D.dll
 0000:ffff7000       .debug$S                   10000000     MSVCRTD:MSVCR110D.dll
 0000:ffff7000       .debug$S                   10000000     MSVCRTD:MSVCR110D.dll
 0000:ffff7000       .debug$S                   10000000     MSVCRTD:MSVCR110D.dll
 0000:ffff7000       .debug$S                   10000000     MSVCRTD:MSVCR110D.dll
 0000:ffff7000       .debug$S                   10000000     MSVCRTD:MSVCR110D.dll
 0000:ffff7000       .debug$S                   10000000     MSVCRTD:MSVCR110D.dll
 0000:ffff7000       .debug$S                   10000000     MSVCRTD:MSVCR110D.dll
 0000:ffff7000       .debug$S                   10000000     MSVCRTD:MSVCR110D.dll
 0000:ffff7000       .debug$S                   10000000     MSVCRTD:MSVCR110D.dll
 0000:ffff7000       .debug$S                   10000000     MSVCRTD:MSVCR110D.dll
 0000:ffff7000       .debug$S                   10000000     MSVCRTD:MSVCR110D.dll
 0000:ffff7000       .debug$S                   10000000     MSVCRTD:MSVCR110D.dll
 0000:ffff7000       .debug$S                   10000000     MSVCRTD:MSVCR110D.dll
 0000:ffff7000       .debug$S                   10000000     MSVCRTD:MSVCR110D.dll
 0000:ffff7000       .debug$S                   10000000     MSVCRTD:MSVCR110D.dll
 0000:ffff7000       .debug$S                   10000000     MSVCRTD:MSVCR110D.dll
 0000:ffff7000       .debug$S                   10000000     MSVCRTD:MSVCR110D.dll
 0000:ffff7000       .debug$S                   10000000     MSVCRTD:MSVCR110D.dll
 0000:ffff7000       .debug$S                   10000000     MSVCRTD:MSVCR110D.dll
 0000:ffff7000       .debug$S                   10000000     shlwapi:SHLWAPI.dll
 0000:ffff7000       .debug$S                   10000000     shell32:SHELL32.dll
 0000:ffff7000       .debug$S                   10000000     kernel32:KERNEL32.dll
 0000:ffff7000       .debug$S                   10000000     kernel32:KERNEL32.dll
 0000:ffff7000       .debug$S                   10000000     kernel32:KERNEL32.dll
 0000:ffff7000       .debug$S                   10000000     kernel32:KERNEL32.dll
 0000:ffff7000       .debug$S                   10000000     kernel32:KERNEL32.dll
 0000:ffff7000       .debug$S                   10000000     MSVCRTD:MSVCR110D.dll
 0000:ffff7000       .debug$S                   10000000     kernel32:KERNEL32.dll
 0000:ffff7000       .debug$S                   10000000     kernel32:KERNEL32.dll
 0000:ffff7000       .debug$S                   10000000     kernel32:KERNEL32.dll
 0000:ffff7000       .debug$S                   10000000     kernel32:KERNEL32.dll
 0000:ffff7000       .debug$S                   10000000     kernel32:KERNEL32.dll
 0000:ffff7000       .debug$S                   10000000     kernel32:KERNEL32.dll
 0000:ffff7000       .debug$S                   10000000     kernel32:KERNEL32.dll
 0000:ffff7000       .debug$S                   10000000     kernel32:KERNEL32.dll
 0000:ffff7000       .debug$S                   10000000     kernel32:KERNEL32.dll
 0001:000000e0       $LN26                      100010e0     * CIL library *:* CIL module *
 0001:00000df8       $LN55                      10001df8     * CIL library *:* CIL module *
 0001:000018a0       _pre_c_init                100028a0 f   MSVCRTD:crtdll.obj
 0001:00001c40       ___DllMainCRTStartup       10002c40 f   MSVCRTD:crtdll.obj
 0001:00002380       ??__E__general_allocator@@YAXXZ 10003380 f   * CIL library *:* CIL module *
 0001:000023c0       ??__EMemoryTrackerCS@@YAXXZ 100033c0 f   * CIL library *:* CIL module *
 0001:000023d0       ??__ETagAllocator@@YAXXZ   100033d0 f   * CIL library *:* CIL module *
 0001:00002460       ??__ETags@@YAXXZ           10003460 f   * CIL library *:* CIL module *
 0001:00002470       ??__EMemoryTrackerInstance@@YAXXZ 10003470 f   * CIL library *:* CIL module *
 0001:00002480       ??__FTagAllocator@@YAXXZ   10003480 f   * CIL library *:* CIL module *
 0001:000024c0       ??__FTags@@YAXXZ           100034c0 f   * CIL library *:* CIL module *
 0001:00002500       ??__FMemoryTrackerInstance@@YAXXZ 10003500 f   * CIL library *:* CIL module *
 0002:000000d0       ___general_allocator$initializer$ 100040d0     * CIL library *:* CIL module *
 0002:000000d4       _MemoryTrackerCS$initializer$ 100040d4     * CIL library *:* CIL module *
 0002:000000d8       _TagAllocator$initializer$ 100040d8     * CIL library *:* CIL module *
 0002:000000dc       _Tags$initializer$         100040dc     * CIL library *:* CIL module *
 0002:000000e0       _MemoryTrackerInstance$initializer$ 100040e0     * CIL library *:* CIL module *
 0002:000000ec       _pcinit                    100040ec     MSVCRTD:crtdll.obj
 0002:000000f0       _pinit                     100040f0     MSVCRTD:atonexit.obj
 0002:000002cc       _GS_ExceptionPointers      100042cc     MSVCRTD:gs_report.obj
 0002:00001048       __sehtable$__onexit        10005048     MSVCRTD:atonexit.obj
 0002:00001068       __sehtable$___DllMainCRTStartup 10005068     MSVCRTD:crtdll.obj
 0002:00001090       __sehtable$__IsNonwritableInCurrentImage 10005090     MSVCRTD:pesect.obj
 0002:00001252       .idata$6                   10005252     kernel32:KERNEL32.dll
 0002:00001278       .idata$6                   10005278     shell32:SHELL32.dll
 0002:00001296       .idata$6                   10005296     shlwapi:SHLWAPI.dll
 0002:00001308       .idata$6                   10005308     MSVCRTD:MSVCR110D.dll
 0002:00001520       .edata                     10005520     MemoryManager.exp
 0002:00001548       rgpv                       10005548     MemoryManager.exp
 0002:00001594       rgszName                   10005594     MemoryManager.exp
 0002:000015e0       rgwOrd                     100055e0     MemoryManager.exp
 0002:00001606       szName                     10005606     MemoryManager.exp
 0002:00001618       $N00001                    10005618     MemoryManager.exp
 0002:00001625       $N00002                    10005625     MemoryManager.exp
 0002:00001636       $N00003                    10005636     MemoryManager.exp
 0002:00001643       $N00004                    10005643     MemoryManager.exp
 0002:00001654       $N00005                    10005654     MemoryManager.exp
 0002:00001662       $N00006                    10005662     MemoryManager.exp
 0002:00001674       $N00007                    10005674     MemoryManager.exp
 0002:00001682       $N00008                    10005682     MemoryManager.exp
 0002:00001694       $N00009                    10005694     MemoryManager.exp
 0002:000016ae       $N00010                    100056ae     MemoryManager.exp
 0002:000016da       $N00011                    100056da     MemoryManager.exp
 0002:00001703       $N00012                    10005703     MemoryManager.exp
 0002:00001719       $N00013                    10005719     MemoryManager.exp
 0002:00001743       $N00014                    10005743     MemoryManager.exp
 0002:0000175c       $N00015                    1000575c     MemoryManager.exp
 0002:00001775       $N00016                    10005775     MemoryManager.exp
 0002:00001792       $N00017                    10005792     MemoryManager.exp
 0002:000017b1       $N00018                    100057b1     MemoryManager.exp
 0002:000017d5       $N00019                    100057d5     MemoryManager.exp
 0003:00000010       ___proc_attached           10006010     MSVCRTD:crtdll.obj
 0003:00000020       _GS_ExceptionRecord        10006020     MSVCRTD:gs_report.obj
 0003:00000070       _GS_ContextRecord          10006070     MSVCRTD:gs_report.obj
 0003:0000033c       _DebuggerWasPresent        1000633c     MSVCRTD:gs_report.obj
 0003:00000344       ___general_allocator       10006344     * CIL library *:* CIL module *
 0003:00000348       _MemoryTrackerCS           10006348     * CIL library *:* CIL module *
 0003:0000034c       _Tags                      1000634c     * CIL library *:* CIL module *
 0003:00000354       _MemoryTrackerInstance     10006354     * CIL library *:* CIL module *
 0003:00000358       _TagAllocator              10006358     * CIL library *:* CIL module *
 0004:00000060       $R000000                   10007060     * linker generated manifest res *
