 shared

 Timestamp is 63e2cf72 (Tue Feb 07 14:23:46 2023)

 Preferred load address is 12800000

 Start         Length     Name                   Class
 0001:00000000 00010000H .textbss                DATA
 0002:00000000 000187e7H .text                   CODE
 0002:000187f0 000015e6H .text$yc                CODE
 0002:00019de0 00001165H .text$yd                CODE
 0003:00000000 00000104H .CRT$XCA                DATA
 0003:00000104 00000122H .CRT$XCL                DATA
 0003:00000228 00000160H .CRT$XCU                DATA
 0003:00000388 00000104H .CRT$XCZ                DATA
 0003:0000048c 00000104H .CRT$XIA                DATA
 0003:00000590 00000104H .CRT$XIAA               DATA
 0003:00000694 00000104H .CRT$XIC                DATA
 0003:00000798 00000104H .CRT$XIZ                DATA
 0003:0000089c 00000004H .CRT$XLA                DATA
 0003:000008a0 00000004H .CRT$XLZ                DATA
 0003:000008b0 00002436H .rdata                  DATA
 0003:00002ce8 0000011cH .rdata$T                DATA
 0003:00002e04 00000173H .rdata$debug            DATA
 0003:00002f78 0000095eH .rdata$r                DATA
 0003:000038d8 00000104H .rtc$IAA                DATA
 0003:000039dc 00000104H .rtc$IZZ                DATA
 0003:00003ae0 00000104H .rtc$TAA                DATA
 0003:00003be4 00000104H .rtc$TZZ                DATA
 0003:00003ce8 000001c2H .xdata$x                DATA
 0003:00003eb0 000010a0H .edata                  DATA
 0004:00000000 000005cfH .data                   DATA
 0004:000005d0 00000524H .bss                    DATA
 0005:00000000 0000003cH .idata$2                DATA
 0005:0000003c 00000014H .idata$3                DATA
 0005:00000050 000001fcH .idata$4                DATA
 0005:0000024c 000001fcH .idata$5                DATA
 0005:00000448 000006aeH .idata$6                DATA
 0006:00000000 00000101H .tls                    DATA
 0006:00000108 00001463H .tls$                   DATA
 0006:0000156b 00000101H .tls$ZZZ                DATA
 0007:00000000 00000169H .rsrc$01                DATA
 0007:00000170 000002ccH .rsrc$02                DATA

  Address         Publics by Value              Rva+Base       Lib:Object

 0000:00000000       ___safe_se_handler_table   00000000     <absolute>
 0000:00000000       ___safe_se_handler_count   00000000     <absolute>
 0000:0000002c       __tls_array                0000002c     <absolute>
 0000:00000000       ___ImageBase               12800000     <linker-defined>
 0001:00000000       __enc$textbss$begin        12801000     <linker-defined>
 0001:00010000       __enc$textbss$end          12811000     <linker-defined>
 0002:00001b10       ??$SimpleRead@G@ChunkLoadClass@@QAEJAAG@Z 12812b10 f i ChunkClasses.obj
 0002:00001b60       ??$SimpleWrite@G@ChunkSaveClass@@QAEJABG@Z 12812b60 f i ChunkClasses.obj
 0002:00001bb0       ??0ChunkLoadClass@@QAE@PAVFileClass@@@Z 12812bb0 f   ChunkClasses.obj
 0002:00001c50       ??0ChunkSaveClass@@QAE@PAVFileClass@@@Z 12812c50 f   ChunkClasses.obj
 0002:00001cf0       ??AStringClass@@QAEAADH@Z  12812cf0 f i ChunkClasses.obj
 0002:00001d20       ?Begin_Chunk@ChunkSaveClass@@QAE_NK@Z 12812d20 f   ChunkClasses.obj
 0002:00001e40       ?Begin_Micro_Chunk@ChunkSaveClass@@QAE_NK@Z 12812e40 f   ChunkClasses.obj
 0002:00001ed0       ?Close_Chunk@ChunkLoadClass@@QAE_NXZ 12812ed0 f   ChunkClasses.obj
 0002:00001fc0       ?Close_Micro_Chunk@ChunkLoadClass@@QAE_NXZ 12812fc0 f   ChunkClasses.obj
 0002:00002080       ?Contains_Chunks@ChunkLoadClass@@QAEHXZ 12813080 f   ChunkClasses.obj
 0002:000020c0       ?Cur_Chunk_Depth@ChunkLoadClass@@QAEHXZ 128130c0 f   ChunkClasses.obj
 0002:000020e0       ?Cur_Chunk_Depth@ChunkSaveClass@@QAEHXZ 128130e0 f   ChunkClasses.obj
 0002:00002100       ?Cur_Chunk_ID@ChunkLoadClass@@QAEKXZ 12813100 f   ChunkClasses.obj
 0002:00002130       ?Cur_Chunk_Length@ChunkLoadClass@@QAEKXZ 12813130 f   ChunkClasses.obj
 0002:00002170       ?Cur_Chunk_Length@ChunkSaveClass@@QAEIXZ 12813170 f   ChunkClasses.obj
 0002:000021b0       ?Cur_Micro_Chunk_ID@ChunkLoadClass@@QAEKXZ 128131b0 f   ChunkClasses.obj
 0002:000021e0       ?Cur_Micro_Chunk_Length@ChunkLoadClass@@QAEKXZ 128131e0 f   ChunkClasses.obj
 0002:00002210       ?End_Chunk@ChunkSaveClass@@QAE_NXZ 12813210 f   ChunkClasses.obj
 0002:00002390       ?End_Micro_Chunk@ChunkSaveClass@@QAE_NXZ 12813390 f   ChunkClasses.obj
 0002:00002460       ?Get_Buffer@StringClass@@QAEPADH@Z 12813460 f i ChunkClasses.obj
 0002:00002490       ?Get_Header@StringClass@@ABEPAU_HEADER@1@XZ 12813490 f i ChunkClasses.obj
 0002:000024c0       ?Get_Length@StringClass@@QBEHXZ 128134c0 f i ChunkClasses.obj
 0002:00002570       ?Open_Chunk@ChunkLoadClass@@QAE_NXZ 12813570 f   ChunkClasses.obj
 0002:00002630       ?Open_Micro_Chunk@ChunkLoadClass@@QAE_NXZ 12813630 f   ChunkClasses.obj
 0002:00002690       ?Peek_Buffer@StringClass@@QBEPBDXZ 12813690 f i ChunkClasses.obj
 0002:000026b0       ?Peek_Next_Chunk@ChunkLoadClass@@QAE_NPAI0@Z 128136b0 f   ChunkClasses.obj
 0002:00002770       ?Read@ChunkLoadClass@@QAEJAAVStringClass@@@Z 12813770 f   ChunkClasses.obj
 0002:00002800       ?Read@ChunkLoadClass@@QAEJPAUIOQuaternionStruct@@@Z 12813800 f   ChunkClasses.obj
 0002:00002830       ?Read@ChunkLoadClass@@QAEJPAUIOVector2Struct@@@Z 12813830 f   ChunkClasses.obj
 0002:00002860       ?Read@ChunkLoadClass@@QAEJPAUIOVector3Struct@@@Z 12813860 f   ChunkClasses.obj
 0002:00002890       ?Read@ChunkLoadClass@@QAEJPAUIOVector4Struct@@@Z 12813890 f   ChunkClasses.obj
 0002:000028c0       ?Read@ChunkLoadClass@@QAEJPAXK@Z 128138c0 f   ChunkClasses.obj
 0002:000029f0       ?Seek@ChunkLoadClass@@QAEJK@Z 128139f0 f   ChunkClasses.obj
 0002:00002b40       ?Store_Length@StringClass@@AAEXH@Z 12813b40 f i ChunkClasses.obj
 0002:00002b90       ?Write@ChunkSaveClass@@QAEKAAUIOQuaternionStruct@@@Z 12813b90 f   ChunkClasses.obj
 0002:00002bc0       ?Write@ChunkSaveClass@@QAEKAAUIOVector2Struct@@@Z 12813bc0 f   ChunkClasses.obj
 0002:00002bf0       ?Write@ChunkSaveClass@@QAEKAAUIOVector3Struct@@@Z 12813bf0 f   ChunkClasses.obj
 0002:00002c20       ?Write@ChunkSaveClass@@QAEKAAUIOVector4Struct@@@Z 12813c20 f   ChunkClasses.obj
 0002:00002c50       ?Write@ChunkSaveClass@@QAEKABVStringClass@@@Z 12813c50 f   ChunkClasses.obj
 0002:00002cd0       ?Write@ChunkSaveClass@@QAEKPAXK@Z 12813cd0 f   ChunkClasses.obj
 0002:00002de0       ??$move@AAPAVDefinitionClass@@@std@@YA$$QAPAVDefinitionClass@@AAPAV1@@Z 12813de0 f i DefinitionMgrClass.obj
 0002:00002e00       ??0?$DynamicVectorClass@PAVDefinitionClass@@@@QAE@IPBQAVDefinitionClass@@@Z 12813e00 f i DefinitionMgrClass.obj
 0002:00002e60       ??0?$HashTemplateClass@VStringClass@@PAV?$DynamicVectorClass@PAVDefinitionClass@@@@@@QAE@XZ 12813e60 f i DefinitionMgrClass.obj
 0002:00002eb0       ??0?$HashTemplateIterator@VStringClass@@PAV?$DynamicVectorClass@PAVDefinitionClass@@@@@@QAE@AAV?$HashTemplateClass@VStringClass@@PAV?$DynamicVectorClass@PAVDefinitionClass@@@@@@@Z 12813eb0 f i DefinitionMgrClass.obj
 0002:00002ef0       ??0?$VectorClass@PAVDefinitionClass@@@@QAE@HPBQAVDefinitionClass@@@Z 12813ef0 f i DefinitionMgrClass.obj
 0002:00003070       ??0DefinitionMgrClass@@QAE@XZ 12814070 f   DefinitionMgrClass.obj
 0002:000030a0       ??0Entry@?$HashTemplateClass@VStringClass@@PAV?$DynamicVectorClass@PAVDefinitionClass@@@@@@QAE@XZ 128140a0 f i DefinitionMgrClass.obj
 0002:000030d0       ??0StringClass@@QAE@H_N@Z  128140d0 f i DefinitionMgrClass.obj
 0002:00003140       ??0StringClass@@QAE@PBD_N@Z 12814140 f i DefinitionMgrClass.obj
 0002:00003200       ??1?$DynamicVectorClass@PAVDefinitionClass@@@@UAE@XZ 12814200 f i DefinitionMgrClass.obj
 0002:00003230       ??1?$HashTemplateClass@VStringClass@@PAV?$DynamicVectorClass@PAVDefinitionClass@@@@@@QAE@XZ 12814230 f i DefinitionMgrClass.obj
 0002:00003320       ??1?$VectorClass@PAVDefinitionClass@@@@UAE@XZ 12814320 f i DefinitionMgrClass.obj
 0002:00003350       ??1DefinitionMgrClass@@UAE@XZ 12814350 f   DefinitionMgrClass.obj
 0002:00003390       ??1Entry@?$HashTemplateClass@VStringClass@@PAV?$DynamicVectorClass@PAVDefinitionClass@@@@@@QAE@XZ 12814390 f i DefinitionMgrClass.obj
 0002:000033c0       ??1StringClass@@QAE@XZ     128143c0 f i DefinitionMgrClass.obj
 0002:000033f0       ??4StringClass@@QAEABV0@ABV0@@Z 128143f0 f i DefinitionMgrClass.obj
 0002:00003460       ??4StringClass@@QAEABV0@PBD@Z 12814460 f i DefinitionMgrClass.obj
 0002:00003510       ??8?$VectorClass@PAVDefinitionClass@@@@UBE_NABV0@@Z 12814510 f i DefinitionMgrClass.obj
 0002:000035a0       ??8StringClass@@QBE_NPBD@Z 128145a0 f i DefinitionMgrClass.obj
 0002:000035f0       ??A?$VectorClass@PAVDefinitionClass@@@@QAEAAPAVDefinitionClass@@H@Z 128145f0 f i DefinitionMgrClass.obj
 0002:00003620       ??A?$VectorClass@PAVDefinitionClass@@@@QBEABQAVDefinitionClass@@H@Z 12814620 f i DefinitionMgrClass.obj
 0002:00003650       ??B?$HashTemplateIterator@VStringClass@@PAV?$DynamicVectorClass@PAVDefinitionClass@@@@@@QBE_NXZ 12814650 f i DefinitionMgrClass.obj
 0002:00003690       ??BStringClass@@QBEPBDXZ   12814690 f i DefinitionMgrClass.obj
 0002:000036b0       ??E?$HashTemplateIterator@VStringClass@@PAV?$DynamicVectorClass@PAVDefinitionClass@@@@@@QAEXXZ 128146b0 f i DefinitionMgrClass.obj
 0002:000036e0       ??_EEntry@?$HashTemplateClass@VStringClass@@PAV?$DynamicVectorClass@PAVDefinitionClass@@@@@@QAEPAXI@Z 128146e0 f i DefinitionMgrClass.obj
 0002:00003770       ??_G?$DynamicVectorClass@PAVDefinitionClass@@@@UAEPAXI@Z 12814770 f i DefinitionMgrClass.obj
 0002:00003770       ??_E?$DynamicVectorClass@PAVDefinitionClass@@@@UAEPAXI@Z 12814770 f i DefinitionMgrClass.obj
 0002:000037c0       ??_G?$HashTemplateClass@VStringClass@@PAV?$DynamicVectorClass@PAVDefinitionClass@@@@@@QAEPAXI@Z 128147c0 f i DefinitionMgrClass.obj
 0002:00003810       ??_E?$VectorClass@PAVDefinitionClass@@@@UAEPAXI@Z 12814810 f i DefinitionMgrClass.obj
 0002:00003810       ??_G?$VectorClass@PAVDefinitionClass@@@@UAEPAXI@Z 12814810 f i DefinitionMgrClass.obj
 0002:00003860       ??_EDefinitionMgrClass@@UAEPAXI@Z 12814860 f i DefinitionMgrClass.obj
 0002:00003860       ??_GDefinitionMgrClass@@UAEPAXI@Z 12814860 f i DefinitionMgrClass.obj
 0002:000038b0       ??_H@YGXPAXIHP6EPAX0@Z@Z   128148b0 f i DefinitionMgrClass.obj
 0002:000038f0       ??_I@YGXPAXIHP6EX0@Z@Z     128148f0 f i DefinitionMgrClass.obj
 0002:00003940       ??_U@YAPAXIPAX@Z           12814940 f i DefinitionMgrClass.obj
 0002:00003960       ?Add@?$DynamicVectorClass@PAVDefinitionClass@@@@QAE_NABQAVDefinitionClass@@@Z 12814960 f i DefinitionMgrClass.obj
 0002:00003a30       ?Chunk_ID@DefinitionMgrClass@@UBEIXZ 12814a30 f i DefinitionMgrClass.obj
 0002:00003a50       ?Clear@?$DynamicVectorClass@PAVDefinitionClass@@@@UAEXXZ 12814a50 f i DefinitionMgrClass.obj
 0002:00003a80       ?Clear@?$VectorClass@PAVDefinitionClass@@@@UAEXXZ 12814a80 f i DefinitionMgrClass.obj
 0002:00003b40       ?Compare@StringClass@@QBEHPBD@Z 12814b40 f i DefinitionMgrClass.obj
 0002:00003bd0       ?Contains_Data@DefinitionMgrClass@@UBE_NXZ 12814bd0 f i DefinitionMgrClass.obj
 0002:00003bf0       ?Count@?$DynamicVectorClass@PAVDefinitionClass@@@@QBEHXZ 12814bf0 f i DefinitionMgrClass.obj
 0002:00003c10       ?Find_Definition@DefinitionMgrClass@@SAPAVDefinitionClass@@I_N@Z 12814c10 f   DefinitionMgrClass.obj
 0002:00003e30       ?Find_Named_Definition@DefinitionMgrClass@@SAPAVDefinitionClass@@PBD_N@Z 12814e30 f   DefinitionMgrClass.obj
 0002:00003f20       ?Find_Typed_Definition@DefinitionMgrClass@@SAPAVDefinitionClass@@PBDI_N@Z 12814f20 f   DefinitionMgrClass.obj
 0002:00004260       ?Free_Definitions@DefinitionMgrClass@@SAXXZ 12815260 f   DefinitionMgrClass.obj
 0002:00004560       ?Get@?$HashTemplateClass@VStringClass@@PAV?$DynamicVectorClass@PAVDefinitionClass@@@@@@QBEPAPAV?$DynamicVectorClass@PAVDefinitionClass@@@@ABVStringClass@@@Z 12815560 f i DefinitionMgrClass.obj
 0002:00004610       ?Get@?$HashTemplateClass@VStringClass@@PAV?$DynamicVectorClass@PAVDefinitionClass@@@@@@QBEPAV?$DynamicVectorClass@PAVDefinitionClass@@@@ABVStringClass@@PAV2@@Z 12815610 f i DefinitionMgrClass.obj
 0002:00004660       ?GetHash@StringClass@@QBEIXZ 12815660 f i DefinitionMgrClass.obj
 0002:00004700       ?Get_Definition_Type@@YAKK@Z 12815700 f   DefinitionMgrClass.obj
 0002:00004730       ?Get_First@DefinitionMgrClass@@SAPAVDefinitionClass@@IW4ID_TYPE@1@@Z 12815730 f   DefinitionMgrClass.obj
 0002:00004830       ?Get_Hash_Value@?$HashTemplateKeyClass@VStringClass@@@@SAIABVStringClass@@@Z 12815830 f i DefinitionMgrClass.obj
 0002:00004850       ?Get_New_ID@DefinitionMgrClass@@SAKI@Z 12815850 f   DefinitionMgrClass.obj
 0002:00004970       ?Get_Next@DefinitionMgrClass@@SAPAVDefinitionClass@@PAV2@@Z 12815970 f   DefinitionMgrClass.obj
 0002:000049c0       ?Get_Next@DefinitionMgrClass@@SAPAVDefinitionClass@@PAV2@IW4ID_TYPE@1@@Z 128159c0 f   DefinitionMgrClass.obj
 0002:00004ac0       ?Get_Super_Class_ID@@YAII@Z 12815ac0 f   DefinitionMgrClass.obj
 0002:00004b10       ?ID@?$DynamicVectorClass@PAVDefinitionClass@@@@UAEHABQAVDefinitionClass@@@Z 12815b10 f i DefinitionMgrClass.obj
 0002:00004b80       ?ID@?$DynamicVectorClass@PAVDefinitionClass@@@@UAEHPBQAVDefinitionClass@@@Z 12815b80 f i DefinitionMgrClass.obj
 0002:00004bb0       ?ID@?$VectorClass@PAVDefinitionClass@@@@UAEHABQAVDefinitionClass@@@Z 12815bb0 f i DefinitionMgrClass.obj
 0002:00004c30       ?ID@?$VectorClass@PAVDefinitionClass@@@@UAEHPBQAVDefinitionClass@@@Z 12815c30 f i DefinitionMgrClass.obj
 0002:00004c80       ?Insert@?$HashTemplateClass@VStringClass@@PAV?$DynamicVectorClass@PAVDefinitionClass@@@@@@QAEXABVStringClass@@ABQAV?$DynamicVectorClass@PAVDefinitionClass@@@@@Z 12815c80 f i DefinitionMgrClass.obj
 0002:00004d60       ?Length@?$VectorClass@PAVDefinitionClass@@@@QBEHXZ 12815d60 f i DefinitionMgrClass.obj
 0002:00004d80       ?Load@DefinitionMgrClass@@UAE_NAAVChunkLoadClass@@@Z 12815d80 f   DefinitionMgrClass.obj
 0002:00004e70       ?Load_Objects@DefinitionMgrClass@@QAE_NAAVChunkLoadClass@@@Z 12815e70 f   DefinitionMgrClass.obj
 0002:00004f90       ?Load_Variables@DefinitionMgrClass@@QAE_NAAVChunkLoadClass@@@Z 12815f90 f   DefinitionMgrClass.obj
 0002:00004fb0       ?Name@DefinitionMgrClass@@UBEPBDXZ 12815fb0 f i DefinitionMgrClass.obj
 0002:00004fd0       ?On_Post_Load@PostLoadableClass@@UAEXXZ 12815fd0 f i DefinitionMgrClass.obj
 0002:00004ff0       ?Peek_Buffer@StringClass@@QAEPADXZ 12815ff0 f i DefinitionMgrClass.obj
 0002:00005010       ?Prepare_Definition_Array@DefinitionMgrClass@@SAXXZ 12816010 f   DefinitionMgrClass.obj
 0002:00005240       ?Re_Hash@?$HashTemplateClass@VStringClass@@PAV?$DynamicVectorClass@PAVDefinitionClass@@@@@@AAEXXZ 12816240 f i DefinitionMgrClass.obj
 0002:000056b0       ?Register_Definition@DefinitionMgrClass@@SAXPAVDefinitionClass@@@Z 128166b0 f   DefinitionMgrClass.obj
 0002:00005960       ?Remove_All@?$HashTemplateClass@VStringClass@@PAV?$DynamicVectorClass@PAVDefinitionClass@@@@@@QAEXXZ 12816960 f i DefinitionMgrClass.obj
 0002:00005a30       ?Resize@?$DynamicVectorClass@PAVDefinitionClass@@@@UAE_NHPBQAVDefinitionClass@@@Z 12816a30 f i DefinitionMgrClass.obj
 0002:00005aa0       ?Resize@?$VectorClass@PAVDefinitionClass@@@@UAE_NHPBQAVDefinitionClass@@@Z 12816aa0 f i DefinitionMgrClass.obj
 0002:00005d70       ?Save@DefinitionMgrClass@@UAE_NAAVChunkSaveClass@@@Z 12816d70 f   DefinitionMgrClass.obj
 0002:00005e10       ?Save_Objects@DefinitionMgrClass@@QAE_NAAVChunkSaveClass@@@Z 12816e10 f   DefinitionMgrClass.obj
 0002:00005ef0       ?Save_Variables@DefinitionMgrClass@@QAE_NAAVChunkSaveClass@@@Z 12816ef0 f   DefinitionMgrClass.obj
 0002:00005f10       ?Unregister_Definition@DefinitionMgrClass@@SAXPAVDefinitionClass@@@Z 12816f10 f   DefinitionMgrClass.obj
 0002:00005fe0       ?computeHash@?$HashTemplateClass@VStringClass@@PAV?$DynamicVectorClass@PAVDefinitionClass@@@@@@ABEIABVStringClass@@@Z 12816fe0 f i DefinitionMgrClass.obj
 0002:00006020       ?computeHash@?$HashTemplateClass@VStringClass@@PAV?$DynamicVectorClass@PAVDefinitionClass@@@@@@CAIABVStringClass@@I@Z 12817020 f i DefinitionMgrClass.obj
 0002:00006070       ?fnCompareDefinitionsCallback@DefinitionMgrClass@@SAHPBX0@Z 12817070 f   DefinitionMgrClass.obj
 0002:00006120       ?getValue@?$HashTemplateIterator@VStringClass@@PAV?$DynamicVectorClass@PAVDefinitionClass@@@@@@QAEAAPAV?$DynamicVectorClass@PAVDefinitionClass@@@@XZ 12817120 f i DefinitionMgrClass.obj
 0002:00006160       ?increment@?$HashTemplateIterator@VStringClass@@PAV?$DynamicVectorClass@PAVDefinitionClass@@@@@@AAEXXZ 12817160 f i DefinitionMgrClass.obj
 0002:00006210       ?isPowerOfTwo@@YA_NH@Z     12817210 f i DefinitionMgrClass.obj
 0002:00006260       ?reset@?$HashTemplateIterator@VStringClass@@PAV?$DynamicVectorClass@PAVDefinitionClass@@@@@@QAEXXZ 12817260 f i DefinitionMgrClass.obj
 0002:000062f0       ?AppInvalidParameterHandler@@YAXPB_W00II@Z 128172f0 f   engine_common.obj
 0002:00006310       ?ConsoleOutputDirect@@YAXPBD@Z 12817310 f   engine_common.obj
 0002:00006340       ?Console_Input@@YAXPBD@Z   12817340 f   engine_common.obj
 0002:000063b0       ?Console_Output@@YAXPBDZZ  128173b0 f   engine_common.obj
 0002:000063e0       ?Console_OutputV@@YAXPBDPAD@Z 128173e0 f   engine_common.obj
 0002:00006450       ?HookupAT3@@YAPAXPAX000@Z  12817450 f   engine_common.obj
 0002:00006560       ?InitEngine@@YAXXZ         12817560 f   engine_common.obj
 0002:00006610       ?Parse_Console_Input@@YAXPBD@Z 12817610 f   engine_common.obj
 0002:00006640       ??$ResolveGameReference@D@@YAAADHHH@Z 12817640 f i engine_string.obj
 0002:000066c0       ??$ResolveGameReference@PAD@@YAAAPADHHH@Z 128176c0 f i engine_string.obj
 0002:00006740       ??$ResolveGameReference@PA_W@@YAAAPA_WHHH@Z 12817740 f i engine_string.obj
 0002:000067c0       ??$ResolveGameReference@_W@@YAAA_WHHH@Z 128177c0 f i engine_string.obj
 0002:00006840       ??0WideStringClass@@QAE@ABV0@_N@Z 12817840 f i engine_string.obj
 0002:000068c0       ??0WideStringClass@@QAE@H_N@Z 128178c0 f i engine_string.obj
 0002:00006930       ??1WideStringClass@@QAE@XZ 12817930 f i engine_string.obj
 0002:00006960       ??4WideStringClass@@QAEABV0@ABV0@@Z 12817960 f i engine_string.obj
 0002:00006990       ??4WideStringClass@@QAEABV0@PB_W@Z 12817990 f i engine_string.obj
 0002:00006a40       ??BWideStringClass@@QBEPB_WXZ 12817a40 f i engine_string.obj
 0002:00006a60       ?Allocate_Buffer@StringClass@@AAEPADH@Z 12817a60 f i engine_string.obj
 0002:00006b20       ?Allocate_Buffer@WideStringClass@@AAEPA_WH@Z 12817b20 f i engine_string.obj
 0002:00006be0       ?CharToWideChar@@YAPB_WPBD@Z 12817be0 f   engine_string.obj
 0002:00006cf0       ?Convert_From@WideStringClass@@QAE_NPBD@Z 12817cf0 f   engine_string.obj
 0002:00006da0       ?Copy_Wide@StringClass@@QAE_NPB_W@Z 12817da0 f   engine_string.obj
 0002:00006e50       ?Format@StringClass@@QAAHPBDZZ 12817e50 f   engine_string.obj
 0002:00006ec0       ?Format@WideStringClass@@QAAHPB_WZZ 12817ec0 f   engine_string.obj
 0002:00006f40       ?Format_Args@StringClass@@QAAHPBDABQAD@Z 12817f40 f   engine_string.obj
 0002:00006fa0       ?Format_Args@WideStringClass@@QAAHPB_WABQAD@Z 12817fa0 f   engine_string.obj
 0002:00007010       ?Free_String@StringClass@@AAEXXZ 12818010 f   engine_string.obj
 0002:00007190       ?Free_String@WideStringClass@@AAEXXZ 12818190 f   engine_string.obj
 0002:00007310       ?Get_Allocated_Length@StringClass@@ABEHXZ 12818310 f i engine_string.obj
 0002:00007360       ?Get_Allocated_Length@WideStringClass@@ABEHXZ 12818360 f i engine_string.obj
 0002:000073b0       ?Get_Header@WideStringClass@@ABEPAU_HEADER@1@XZ 128183b0 f i engine_string.obj
 0002:000073e0       ?Get_Length@WideStringClass@@QBEHXZ 128183e0 f i engine_string.obj
 0002:00007490       ?Get_String@StringClass@@AAEXH_N@Z 12818490 f   engine_string.obj
 0002:00007600       ?Get_String@WideStringClass@@AAEXH_N@Z 12818600 f   engine_string.obj
 0002:00007770       ?Is_ANSI@WideStringClass@@QAE_NXZ 12818770 f   engine_string.obj
 0002:000077f0       ?Release_Resources@StringClass@@SAXXZ 128187f0 f   engine_string.obj
 0002:00007810       ?Release_Resources@WideStringClass@@SAXXZ 12818810 f   engine_string.obj
 0002:00007830       ?RemoveSubstring@WideStringClass@@QAEXHH@Z 12818830 f   engine_string.obj
 0002:000078e0       ?Replace@StringClass@@QAEHPBD0_NH@Z 128188e0 f   engine_string.obj
 0002:00007d50       ?ReplaceSubstring@WideStringClass@@QAEXHHABV1@@Z 12818d50 f   engine_string.obj
 0002:00007e60       ?Resize@StringClass@@AAEXH@Z 12818e60 f   engine_string.obj
 0002:00007f10       ?Resize@WideStringClass@@AAEXH@Z 12818f10 f   engine_string.obj
 0002:00007fc0       ?Set_Buffer_And_Allocated_Length@StringClass@@AAEXPADH@Z 12818fc0 f i engine_string.obj
 0002:00008020       ?Set_Buffer_And_Allocated_Length@WideStringClass@@AAEXPA_WH@Z 12819020 f i engine_string.obj
 0002:00008080       ?Store_Allocated_Length@StringClass@@AAEXH@Z 12819080 f i engine_string.obj
 0002:000080d0       ?Store_Allocated_Length@WideStringClass@@AAEXH@Z 128190d0 f i engine_string.obj
 0002:00008120       ?Store_Length@WideStringClass@@AAEXH@Z 12819120 f i engine_string.obj
 0002:00008170       ?Substring@WideStringClass@@QBE?AV1@HH@Z 12819170 f   engine_string.obj
 0002:00008230       ?Uninitialised_Grow@StringClass@@AAEXH@Z 12819230 f   engine_string.obj
 0002:000082a0       ?Uninitialised_Grow@WideStringClass@@AAEXH@Z 128192a0 f   engine_string.obj
 0002:00008310       ?WideCharToChar@@YAPBDPB_W@Z 12819310 f   engine_string.obj
 0002:000084c0       ?newstr@@YAPADPBD@Z        128194c0 f   engine_string.obj
 0002:000085b0       ?newwcs@@YAPA_WPB_W@Z      128195b0 f   engine_string.obj
 0002:000086c0       ?stristr@@YAPBDPBD0@Z      128196c0 f   engine_string.obj
 0002:00008750       ?strrtrim@@YAPADPAD@Z      12819750 f   engine_string.obj
 0002:000087d0       ?strtrim@@YAPADPAD@Z       128197d0 f   engine_string.obj
 0002:00008900       ?wcsistr@@YAPB_WPB_W0@Z    12819900 f   engine_string.obj
 0002:000089b0       ?Get_Hash_Value@?$HashTemplateKeyClass@I@@SAIABI@Z 128199b0 f   HashTemplateKeyClass.obj
 0002:000089f0       ??0?$ObjectPoolClass@VMultiListNodeClass@@$0BAA@@@QAE@XZ 128199f0 f i multilist.obj
 0002:00008a50       ??0FastCriticalSectionClass@@QAE@XZ 12819a50 f i multilist.obj
 0002:00008a80       ??0LockClass@FastCriticalSectionClass@@QAE@AAV1@@Z 12819a80 f i multilist.obj
 0002:00008ac0       ??0MultiListNodeClass@@QAE@XZ 12819ac0 f i multilist.obj
 0002:00008b20       ??1?$ObjectPoolClass@VMultiListNodeClass@@$0BAA@@@QAE@XZ 12819b20 f i multilist.obj
 0002:00008c30       ??1LockClass@FastCriticalSectionClass@@QAE@XZ 12819c30 f i multilist.obj
 0002:00008c60       ??2?$AutoPoolClass@VMultiListNodeClass@@$0BAA@@@SAPAXIPBDI0@Z 12819c60 f i multilist.obj
 0002:00008c90       ??3?$AutoPoolClass@VMultiListNodeClass@@$0BAA@@@SAXPAX@Z 12819c90 f i multilist.obj
 0002:00008cc0       ?Allocate_Object_Memory@?$ObjectPoolClass@VMultiListNodeClass@@$0BAA@@@QAEPAVMultiListNodeClass@@XZ 12819cc0 f i multilist.obj
 0002:00008e70       ?Contains@GenericMultiListClass@@QBE_NPAVMultiListObjectClass@@@Z 12819e70 f i multilist.obj
 0002:00008ee0       ?Enter@FastCriticalSectionClass@@AAEXXZ 12819ee0 f i multilist.obj
 0002:00008f30       ?Free_Object_Memory@?$ObjectPoolClass@VMultiListNodeClass@@$0BAA@@@QAEXAAVMultiListNodeClass@@@Z 12819f30 f i multilist.obj
 0002:00008fb0       ?Get_List_Node@MultiListObjectClass@@QBEPAVMultiListNodeClass@@XZ 12819fb0 f i multilist.obj
 0002:00008fd0       ?Internal_Add@GenericMultiListClass@@IAE_NPAVMultiListObjectClass@@_N@Z 12819fd0 f   multilist.obj
 0002:000090e0       ?Internal_Add_After@GenericMultiListClass@@IAE_NPAVMultiListObjectClass@@PBV2@_N@Z 1281a0e0 f   multilist.obj
 0002:00009230       ?Internal_Add_Tail@GenericMultiListClass@@IAE_NPAVMultiListObjectClass@@_N@Z 1281a230 f   multilist.obj
 0002:00009340       ?Internal_Remove@GenericMultiListClass@@IAE_NPAVMultiListObjectClass@@@Z 1281a340 f   multilist.obj
 0002:00009440       ?Internal_Remove_List_Head@GenericMultiListClass@@IAEPAVMultiListObjectClass@@XZ 1281a440 f   multilist.obj
 0002:000094a0       ?Is_Empty@GenericMultiListClass@@QBE_NXZ 1281a4a0 f i multilist.obj
 0002:000094f0       ?Is_In_List@GenericMultiListClass@@QBE_NPAVMultiListObjectClass@@@Z 1281a4f0 f i multilist.obj
 0002:00009520       ?Leave@FastCriticalSectionClass@@AAEXXZ 1281a520 f i multilist.obj
 0002:00009550       ?Set_List_Node@MultiListObjectClass@@QAEXPAVMultiListNodeClass@@@Z 1281a550 f i multilist.obj
 0002:00009580       ?getInstance@?$Singleton@V?$ObjectPoolClass@VMultiListNodeClass@@$0BAA@@@@@SAAAV?$ObjectPoolClass@VMultiListNodeClass@@$0BAA@@@XZ 1281a580 f i multilist.obj
 0002:000095e0       ?writeDummyPattern@?$ObjectPoolClass@VMultiListNodeClass@@$0BAA@@@QAEXAAVMultiListNodeClass@@K@Z 1281a5e0 f i multilist.obj
 0002:00009640       ??$ResolveGameReference@PAVPersistFactoryClass@@@@YAAAPAVPersistFactoryClass@@HHH@Z 1281a640 f i PersistFactoryClass.obj
 0002:000096c0       ??$ResolveGameReference@PAVSaveLoadSubSystemClass@@@@YAAAPAVSaveLoadSubSystemClass@@HHH@Z 1281a6c0 f i PersistFactoryClass.obj
 0002:00009740       ??$ResolveGameReference@VPointerRemapClass@@@@YAAAVPointerRemapClass@@HHH@Z 1281a740 f i PersistFactoryClass.obj
 0002:000097c0       ??0PersistFactoryClass@@QAE@XZ 1281a7c0 f   PersistFactoryClass.obj
 0002:00009810       ??0PostLoadableClass@@QAE@XZ 1281a810 f i PersistFactoryClass.obj
 0002:00009840       ??0SaveLoadSubSystemClass@@QAE@XZ 1281a840 f   PersistFactoryClass.obj
 0002:00009890       ??1PersistFactoryClass@@UAE@XZ 1281a890 f   PersistFactoryClass.obj
 0002:000098d0       ??1PostLoadableClass@@UAE@XZ 1281a8d0 f i PersistFactoryClass.obj
 0002:00009900       ??1SaveLoadSubSystemClass@@UAE@XZ 1281a900 f   PersistFactoryClass.obj
 0002:00009940       ??_EPersistFactoryClass@@UAEPAXI@Z 1281a940 f i PersistFactoryClass.obj
 0002:00009940       ??_GPersistFactoryClass@@UAEPAXI@Z 1281a940 f i PersistFactoryClass.obj
 0002:00009990       ??_GPostLoadableClass@@UAEPAXI@Z 1281a990 f i PersistFactoryClass.obj
 0002:00009990       ??_EPostLoadableClass@@UAEPAXI@Z 1281a990 f i PersistFactoryClass.obj
 0002:000099e0       ??_ESaveLoadSubSystemClass@@UAEPAXI@Z 1281a9e0 f i PersistFactoryClass.obj
 0002:000099e0       ??_GSaveLoadSubSystemClass@@UAEPAXI@Z 1281a9e0 f i PersistFactoryClass.obj
 0002:00009a30       ?Contains_Data@SaveLoadSubSystemClass@@UBE_NXZ 1281aa30 f   PersistFactoryClass.obj
 0002:00009a50       ?Find_Persist_Factory@SaveLoadSystemClass@@SAPAVPersistFactoryClass@@I@Z 1281aa50 f   PersistFactoryClass.obj
 0002:00009ab0       ?Find_Sub_System@SaveLoadSystemClass@@SAPAVSaveLoadSubSystemClass@@I@Z 1281aab0 f   PersistFactoryClass.obj
 0002:00009b10       ?Link_Factory@SaveLoadSystemClass@@SAXPAVPersistFactoryClass@@@Z 1281ab10 f   PersistFactoryClass.obj
 0002:00009b50       ?Link_Sub_System@SaveLoadSystemClass@@SAXPAVSaveLoadSubSystemClass@@@Z 1281ab50 f   PersistFactoryClass.obj
 0002:00009b90       ?Register_Persist_Factory@SaveLoadSystemClass@@SAXPAVPersistFactoryClass@@@Z 1281ab90 f   PersistFactoryClass.obj
 0002:00009bc0       ?Register_Pointer@SaveLoadSystemClass@@SAXPAX0@Z 1281abc0 f   PersistFactoryClass.obj
 0002:00009bf0       ?Register_Sub_System@SaveLoadSystemClass@@SAXPAVSaveLoadSubSystemClass@@@Z 1281abf0 f   PersistFactoryClass.obj
 0002:00009c20       ?Request_Pointer_Remap@SaveLoadSystemClass@@SAXPAPAX@Z 1281ac20 f   PersistFactoryClass.obj
 0002:00009c50       ?Request_Ref_Counted_Pointer_Remap@SaveLoadSystemClass@@SAXPAPAVRefCountClass@@@Z 1281ac50 f   PersistFactoryClass.obj
 0002:00009c80       ?Unlink_Factory@SaveLoadSystemClass@@SAXPAVPersistFactoryClass@@@Z 1281ac80 f   PersistFactoryClass.obj
 0002:00009d00       ?Unlink_Sub_System@SaveLoadSystemClass@@SAXPAVSaveLoadSubSystemClass@@@Z 1281ad00 f   PersistFactoryClass.obj
 0002:00009d80       ?Unregister_Persist_Factory@SaveLoadSystemClass@@SAXPAVPersistFactoryClass@@@Z 1281ad80 f   PersistFactoryClass.obj
 0002:00009db0       ?Unregister_Sub_System@SaveLoadSystemClass@@SAXPAVSaveLoadSubSystemClass@@@Z 1281adb0 f   PersistFactoryClass.obj
 0002:00009de0       ??0PtrPairStruct@PointerRemapClass@@QAE@PAX0@Z 1281ade0 f i PointerRemapClass.obj
 0002:00009e20       ??0PtrRemapStruct@PointerRemapClass@@QAE@XZ 1281ae20 f i PointerRemapClass.obj
 0002:00009e50       ??A?$VectorClass@UPtrPairStruct@PointerRemapClass@@@@QAEAAUPtrPairStruct@PointerRemapClass@@H@Z 1281ae50 f i PointerRemapClass.obj
 0002:00009e80       ??A?$VectorClass@UPtrRemapStruct@PointerRemapClass@@@@QAEAAUPtrRemapStruct@PointerRemapClass@@H@Z 1281ae80 f i PointerRemapClass.obj
 0002:00009eb0       ?Add@?$DynamicVectorClass@UPtrPairStruct@PointerRemapClass@@@@QAE_NABUPtrPairStruct@PointerRemapClass@@@Z 1281aeb0 f i PointerRemapClass.obj
 0002:00009f80       ?Add@?$DynamicVectorClass@UPtrRemapStruct@PointerRemapClass@@@@QAE_NABUPtrRemapStruct@PointerRemapClass@@@Z 1281af80 f i PointerRemapClass.obj
 0002:0000a050       ?Add_Ref@RefCountClass@@QAEXXZ 1281b050 f i PointerRemapClass.obj
 0002:0000a080       ?Count@?$DynamicVectorClass@UPtrPairStruct@PointerRemapClass@@@@QBEHXZ 1281b080 f i PointerRemapClass.obj
 0002:0000a0a0       ?Count@?$DynamicVectorClass@UPtrRemapStruct@PointerRemapClass@@@@QBEHXZ 1281b0a0 f i PointerRemapClass.obj
 0002:0000a0c0       ?Delete_All@?$DynamicVectorClass@UPtrPairStruct@PointerRemapClass@@@@QAEXXZ 1281b0c0 f i PointerRemapClass.obj
 0002:0000a110       ?Delete_All@?$DynamicVectorClass@UPtrRemapStruct@PointerRemapClass@@@@QAEXXZ 1281b110 f i PointerRemapClass.obj
 0002:0000a160       ?Length@?$VectorClass@UPtrPairStruct@PointerRemapClass@@@@QBEHXZ 1281b160 f i PointerRemapClass.obj
 0002:0000a180       ?Length@?$VectorClass@UPtrRemapStruct@PointerRemapClass@@@@QBEHXZ 1281b180 f i PointerRemapClass.obj
 0002:0000a1a0       ?Process@PointerRemapClass@@QAEXXZ 1281b1a0 f   PointerRemapClass.obj
 0002:0000a2b0       ?Process_Request_Table@PointerRemapClass@@QAEXAAV?$DynamicVectorClass@UPtrRemapStruct@PointerRemapClass@@@@_N@Z 1281b2b0 f   PointerRemapClass.obj
 0002:0000a420       ?Register_Pointer@PointerRemapClass@@QAEXPAX0@Z 1281b420 f   PointerRemapClass.obj
 0002:0000a460       ?Request_Pointer_Remap@PointerRemapClass@@QAEXPAPAX@Z 1281b460 f   PointerRemapClass.obj
 0002:0000a4a0       ?Request_Ref_Counted_Pointer_Remap@PointerRemapClass@@QAEXPAPAVRefCountClass@@@Z 1281b4a0 f   PointerRemapClass.obj
 0002:0000a4e0       ?Reset@PointerRemapClass@@QAEXXZ 1281b4e0 f   PointerRemapClass.obj
 0002:0000a520       ?ptr_pair_compare_function@PointerRemapClass@@CAHPBX0@Z 1281b520 f   PointerRemapClass.obj
 0002:0000a580       ?ptr_request_compare_function@PointerRemapClass@@CAHPBX0@Z 1281b580 f   PointerRemapClass.obj
 0002:0000a5f0       ??0?$SimplePersistFactoryClass@VTDBCategoryClass@@$0JAAAC@@@QAE@XZ 1281b5f0 f i TDBCategoryClass.obj
 0002:0000a620       ??0PersistClass@@QAE@XZ    1281b620 f i TDBCategoryClass.obj
 0002:0000a650       ??0TDBCategoryClass@@QAE@ABV0@@Z 1281b650 f   TDBCategoryClass.obj
 0002:0000a6c0       ??0TDBCategoryClass@@QAE@XZ 1281b6c0 f   TDBCategoryClass.obj
 0002:0000a710       ??1?$SimplePersistFactoryClass@VTDBCategoryClass@@$0JAAAC@@@UAE@XZ 1281b710 f i TDBCategoryClass.obj
 0002:0000a740       ??1PersistClass@@UAE@XZ    1281b740 f i TDBCategoryClass.obj
 0002:0000a770       ??1TDBCategoryClass@@UAE@XZ 1281b770 f   TDBCategoryClass.obj
 0002:0000a7b0       ??4TDBCategoryClass@@QAEABV0@ABV0@@Z 1281b7b0 f   TDBCategoryClass.obj
 0002:0000a800       ??_G?$SimplePersistFactoryClass@VTDBCategoryClass@@$0JAAAC@@@UAEPAXI@Z 1281b800 f i TDBCategoryClass.obj
 0002:0000a800       ??_E?$SimplePersistFactoryClass@VTDBCategoryClass@@$0JAAAC@@@UAEPAXI@Z 1281b800 f i TDBCategoryClass.obj
 0002:0000a850       ??_EPersistClass@@UAEPAXI@Z 1281b850 f i TDBCategoryClass.obj
 0002:0000a850       ??_GPersistClass@@UAEPAXI@Z 1281b850 f i TDBCategoryClass.obj
 0002:0000a8a0       ??_ETDBCategoryClass@@UAEPAXI@Z 1281b8a0 f i TDBCategoryClass.obj
 0002:0000a8a0       ??_GTDBCategoryClass@@UAEPAXI@Z 1281b8a0 f i TDBCategoryClass.obj
 0002:0000a8f0       ?Chunk_ID@?$SimplePersistFactoryClass@VTDBCategoryClass@@$0JAAAC@@@UBEIXZ 1281b8f0 f i TDBCategoryClass.obj
 0002:0000a910       ?Get_Factory@TDBCategoryClass@@UBEABVPersistFactoryClass@@XZ 1281b910 f   TDBCategoryClass.obj
 0002:0000a930       ?Load@?$SimplePersistFactoryClass@VTDBCategoryClass@@$0JAAAC@@@UBEPAVPersistClass@@AAVChunkLoadClass@@@Z 1281b930 f i TDBCategoryClass.obj
 0002:0000aa40       ?Load@PersistClass@@UAE_NAAVChunkLoadClass@@@Z 1281ba40 f i TDBCategoryClass.obj
 0002:0000aa60       ?Load@TDBCategoryClass@@UAE_NAAVChunkLoadClass@@@Z 1281ba60 f   TDBCategoryClass.obj
 0002:0000aad0       ?Load_Variables@TDBCategoryClass@@IAEXAAVChunkLoadClass@@@Z 1281bad0 f   TDBCategoryClass.obj
 0002:0000ab70       ?Save@?$SimplePersistFactoryClass@VTDBCategoryClass@@$0JAAAC@@@UBEXAAVChunkSaveClass@@PAVPersistClass@@@Z 1281bb70 f i TDBCategoryClass.obj
 0002:0000abf0       ?Save@PersistClass@@UAE_NAAVChunkSaveClass@@@Z 1281bbf0 f i TDBCategoryClass.obj
 0002:0000ac10       ?Save@TDBCategoryClass@@UAE_NAAVChunkSaveClass@@@Z 1281bc10 f   TDBCategoryClass.obj
 0002:0000ac70       ?Save_Variables@TDBCategoryClass@@IAEXAAVChunkSaveClass@@@Z 1281bc70 f   TDBCategoryClass.obj
 0002:0000ad00       ??$move@AAVWideStringClass@@@std@@YA$$QAVWideStringClass@@AAV1@@Z 1281bd00 f i TDBObjClass.obj
 0002:0000ad20       ??0?$DynamicVectorClass@VWideStringClass@@@@QAE@IPBVWideStringClass@@@Z 1281bd20 f i TDBObjClass.obj
 0002:0000ad80       ??0?$SimplePersistFactoryClass@VTDBObjClass@@$0JAAAB@@@QAE@XZ 1281bd80 f i TDBObjClass.obj
 0002:0000adb0       ??0?$VectorClass@VWideStringClass@@@@QAE@HPBVWideStringClass@@@Z 1281bdb0 f i TDBObjClass.obj
 0002:0000aff0       ??0TDBObjClass@@QAE@ABV0@@Z 1281bff0 f   TDBObjClass.obj
 0002:0000b0b0       ??0TDBObjClass@@QAE@XZ     1281c0b0 f   TDBObjClass.obj
 0002:0000b160       ??0WideStringClass@@QAE@PBD_N@Z 1281c160 f i TDBObjClass.obj
 0002:0000b240       ??1?$DynamicVectorClass@VWideStringClass@@@@UAE@XZ 1281c240 f i TDBObjClass.obj
 0002:0000b270       ??1?$SimplePersistFactoryClass@VTDBObjClass@@$0JAAAB@@@UAE@XZ 1281c270 f i TDBObjClass.obj
 0002:0000b2a0       ??1?$VectorClass@VWideStringClass@@@@UAE@XZ 1281c2a0 f i TDBObjClass.obj
 0002:0000b2d0       ??1TDBObjClass@@UAE@XZ     1281c2d0 f   TDBObjClass.obj
 0002:0000b340       ??4?$DynamicVectorClass@VWideStringClass@@@@QAEAAV0@ABV0@@Z 1281c340 f i TDBObjClass.obj
 0002:0000b390       ??4?$VectorClass@VWideStringClass@@@@QAEAAV0@ABV0@@Z 1281c390 f i TDBObjClass.obj
 0002:0000b550       ??4TDBObjClass@@QAEABV0@ABV0@@Z 1281c550 f   TDBObjClass.obj
 0002:0000b600       ??4WideStringClass@@QAEABV0@PBD@Z 1281c600 f i TDBObjClass.obj
 0002:0000b630       ??8?$VectorClass@VWideStringClass@@@@UBE_NABV0@@Z 1281c630 f i TDBObjClass.obj
 0002:0000b6d0       ??8WideStringClass@@QBE_NPB_W@Z 1281c6d0 f i TDBObjClass.obj
 0002:0000b720       ??9WideStringClass@@QBE_NPB_W@Z 1281c720 f i TDBObjClass.obj
 0002:0000b770       ??A?$VectorClass@VWideStringClass@@@@QAEAAVWideStringClass@@H@Z 1281c770 f i TDBObjClass.obj
 0002:0000b7a0       ??A?$VectorClass@VWideStringClass@@@@QBEABVWideStringClass@@H@Z 1281c7a0 f i TDBObjClass.obj
 0002:0000b7d0       ??_EWideStringClass@@QAEPAXI@Z 1281c7d0 f i TDBObjClass.obj
 0002:0000b860       ??_FWideStringClass@@QAEXXZ 1281c860 f i TDBObjClass.obj
 0002:0000b890       ??_G?$DynamicVectorClass@VWideStringClass@@@@UAEPAXI@Z 1281c890 f i TDBObjClass.obj
 0002:0000b890       ??_E?$DynamicVectorClass@VWideStringClass@@@@UAEPAXI@Z 1281c890 f i TDBObjClass.obj
 0002:0000b8e0       ??_E?$SimplePersistFactoryClass@VTDBObjClass@@$0JAAAB@@@UAEPAXI@Z 1281c8e0 f i TDBObjClass.obj
 0002:0000b8e0       ??_G?$SimplePersistFactoryClass@VTDBObjClass@@$0JAAAB@@@UAEPAXI@Z 1281c8e0 f i TDBObjClass.obj
 0002:0000b930       ??_E?$VectorClass@VWideStringClass@@@@UAEPAXI@Z 1281c930 f i TDBObjClass.obj
 0002:0000b930       ??_G?$VectorClass@VWideStringClass@@@@UAEPAXI@Z 1281c930 f i TDBObjClass.obj
 0002:0000b980       ??_GTDBObjClass@@UAEPAXI@Z 1281c980 f i TDBObjClass.obj
 0002:0000b980       ??_ETDBObjClass@@UAEPAXI@Z 1281c980 f i TDBObjClass.obj
 0002:0000b9d0       ?Add@?$DynamicVectorClass@VWideStringClass@@@@QAE_N$$QAVWideStringClass@@@Z 1281c9d0 f i TDBObjClass.obj
 0002:0000bab0       ?Add@?$DynamicVectorClass@VWideStringClass@@@@QAE_NABVWideStringClass@@@Z 1281cab0 f i TDBObjClass.obj
 0002:0000bb80       ?As_StringTwiddlerClass@TDBObjClass@@UAEPAVStringTwiddlerClass@@XZ 1281cb80 f i TDBObjClass.obj
 0002:0000bba0       ?Chunk_ID@?$SimplePersistFactoryClass@VTDBObjClass@@$0JAAAB@@@UBEIXZ 1281cba0 f i TDBObjClass.obj
 0002:0000bbc0       ?Clear@?$DynamicVectorClass@VWideStringClass@@@@UAEXXZ 1281cbc0 f i TDBObjClass.obj
 0002:0000bbf0       ?Clear@?$VectorClass@VWideStringClass@@@@UAEXXZ 1281cbf0 f i TDBObjClass.obj
 0002:0000bcd0       ?Clone@TDBObjClass@@UBEPAV1@XZ 1281ccd0 f i TDBObjClass.obj
 0002:0000bd80       ?Compare@WideStringClass@@QBEHPB_W@Z 1281cd80 f i TDBObjClass.obj
 0002:0000be30       ?Contains_Translation@TDBObjClass@@UAE_NI@Z 1281ce30 f   TDBObjClass.obj
 0002:0000bea0       ?Count@?$DynamicVectorClass@VWideStringClass@@@@QBEHXZ 1281cea0 f i TDBObjClass.obj
 0002:0000bec0       ?Get_Animation_Name@TDBObjClass@@UAEABVStringClass@@XZ 1281cec0 f i TDBObjClass.obj
 0002:0000bee0       ?Get_Buffer@WideStringClass@@QAEPA_WH@Z 1281cee0 f i TDBObjClass.obj
 0002:0000bf10       ?Get_Category_ID@TDBObjClass@@UAEIXZ 1281cf10 f i TDBObjClass.obj
 0002:0000bf30       ?Get_Current_Language@TranslateDBClass@@SAIXZ 1281cf30 f i TDBObjClass.obj
 0002:0000bf50       ?Get_English_String@TDBObjClass@@UAEABVStringClass@@XZ 1281cf50 f i TDBObjClass.obj
 0002:0000bf70       ?Get_Factory@TDBObjClass@@UBEABVPersistFactoryClass@@XZ 1281cf70 f   TDBObjClass.obj
 0002:0000bf90       ?Get_ID@TDBObjClass@@UAEIXZ 1281cf90 f i TDBObjClass.obj
 0002:0000bfb0       ?Get_ID_Desc@TDBObjClass@@UAEABVStringClass@@XZ 1281cfb0 f i TDBObjClass.obj
 0002:0000bfd0       ?Get_Sound_ID@TDBObjClass@@UAEIXZ 1281cfd0 f i TDBObjClass.obj
 0002:0000bff0       ?Get_String@TDBObjClass@@UAEABVWideStringClass@@I@Z 1281cff0 f   TDBObjClass.obj
 0002:0000c050       ?Get_String@TDBObjClass@@UAEABVWideStringClass@@XZ 1281d050 f   TDBObjClass.obj
 0002:0000c080       ?ID@?$DynamicVectorClass@VWideStringClass@@@@UAEHABVWideStringClass@@@Z 1281d080 f i TDBObjClass.obj
 0002:0000c100       ?ID@?$DynamicVectorClass@VWideStringClass@@@@UAEHPBVWideStringClass@@@Z 1281d100 f i TDBObjClass.obj
 0002:0000c130       ?ID@?$VectorClass@VWideStringClass@@@@UAEHABVWideStringClass@@@Z 1281d130 f i TDBObjClass.obj
 0002:0000c1c0       ?ID@?$VectorClass@VWideStringClass@@@@UAEHPBVWideStringClass@@@Z 1281d1c0 f i TDBObjClass.obj
 0002:0000c210       ?Is_Single_Language_Export_Enabled@TranslateDBClass@@SA_NXZ 1281d210 f i TDBObjClass.obj
 0002:0000c230       ?Length@?$VectorClass@VWideStringClass@@@@QBEHXZ 1281d230 f i TDBObjClass.obj
 0002:0000c250       ?Load@?$SimplePersistFactoryClass@VTDBObjClass@@$0JAAAB@@@UBEPAVPersistClass@@AAVChunkLoadClass@@@Z 1281d250 f i TDBObjClass.obj
 0002:0000c360       ?Load@TDBObjClass@@UAE_NAAVChunkLoadClass@@@Z 1281d360 f   TDBObjClass.obj
 0002:0000c4d0       ?Load_Variables@TDBObjClass@@IAEXAAVChunkLoadClass@@@Z 1281d4d0 f   TDBObjClass.obj
 0002:0000c6b0       ?Peek_Buffer@WideStringClass@@QAEPA_WXZ 1281d6b0 f i TDBObjClass.obj
 0002:0000c6d0       ?Resize@?$DynamicVectorClass@VWideStringClass@@@@UAE_NHPBVWideStringClass@@@Z 1281d6d0 f i TDBObjClass.obj
 0002:0000c740       ?Resize@?$VectorClass@VWideStringClass@@@@UAE_NHPBVWideStringClass@@@Z 1281d740 f i TDBObjClass.obj
 0002:0000caf0       ?Save@?$SimplePersistFactoryClass@VTDBObjClass@@$0JAAAB@@@UBEXAAVChunkSaveClass@@PAVPersistClass@@@Z 1281daf0 f i TDBObjClass.obj
 0002:0000cb70       ?Save@TDBObjClass@@UAE_NAAVChunkSaveClass@@@Z 1281db70 f   TDBObjClass.obj
 0002:0000cd50       ?Save_Variables@TDBObjClass@@IAEXAAVChunkSaveClass@@@Z 1281dd50 f   TDBObjClass.obj
 0002:0000ce80       ?Set_Animation_Name@TDBObjClass@@UAEXPBD@Z 1281de80 f i TDBObjClass.obj
 0002:0000ceb0       ?Set_Category_ID@TDBObjClass@@UAEXI@Z 1281deb0 f i TDBObjClass.obj
 0002:0000cee0       ?Set_English_String@TDBObjClass@@UAEXPBD@Z 1281dee0 f   TDBObjClass.obj
 0002:0000cf70       ?Set_ID@TDBObjClass@@UAEXI@Z 1281df70 f   TDBObjClass.obj
 0002:0000cfa0       ?Set_ID_Desc@TDBObjClass@@UAEXPBD@Z 1281dfa0 f   TDBObjClass.obj
 0002:0000cfd0       ?Set_Sound_ID@TDBObjClass@@UAEXI@Z 1281dfd0 f i TDBObjClass.obj
 0002:0000d000       ?Set_String@TDBObjClass@@UAEXIPB_W@Z 1281e000 f   TDBObjClass.obj
 0002:0000d0b0       ??$ResolveGameReference@I@@YAAAIHHH@Z 1281e0b0 f i TranslateDBClass.obj
 0002:0000d130       ??$ResolveGameReference@V?$DynamicVectorClass@PAVTDBCategoryClass@@@@@@YAAAV?$DynamicVectorClass@PAVTDBCategoryClass@@@@HHH@Z 1281e130 f i TranslateDBClass.obj
 0002:0000d1b0       ??$ResolveGameReference@V?$DynamicVectorClass@PAVTDBObjClass@@@@@@YAAAV?$DynamicVectorClass@PAVTDBObjClass@@@@HHH@Z 1281e1b0 f i TranslateDBClass.obj
 0002:0000d230       ??$ResolveGameReference@V?$HashTemplateClass@VStringClass@@PAVTDBObjClass@@@@@@YAAAV?$HashTemplateClass@VStringClass@@PAVTDBObjClass@@@@HHH@Z 1281e230 f i TranslateDBClass.obj
 0002:0000d2b0       ??$ResolveGameReference@W4FILTER_OPT@TranslateDBClass@@@@YAAAW4FILTER_OPT@TranslateDBClass@@HHH@Z 1281e2b0 f i TranslateDBClass.obj
 0002:0000d330       ??$ResolveGameReference@_N@@YAAA_NHHH@Z 1281e330 f i TranslateDBClass.obj
 0002:0000d3b0       ??$clamp@H@@YAHHHH@Z       1281e3b0 f i TranslateDBClass.obj
 0002:0000d3f0       ??$move@AAPAVTDBCategoryClass@@@std@@YA$$QAPAVTDBCategoryClass@@AAPAV1@@Z 1281e3f0 f i TranslateDBClass.obj
 0002:0000d410       ??0Entry@?$HashTemplateClass@VStringClass@@PAVTDBObjClass@@@@QAE@XZ 1281e410 f i TranslateDBClass.obj
 0002:0000d440       ??0FileClass@@QAE@XZ       1281e440 f i TranslateDBClass.obj
 0002:0000d470       ??0RawFileClass@@QAE@XZ    1281e470 f i TranslateDBClass.obj
 0002:0000d510       ??0StringClass@@QAE@ABV0@_N@Z 1281e510 f i TranslateDBClass.obj
 0002:0000d590       ??0TextFileClass@@QAE@XZ   1281e590 f i TranslateDBClass.obj
 0002:0000d5c0       ??0TranslateDBClass@@QAE@XZ 1281e5c0 f i TranslateDBClass.obj
 0002:0000d5f0       ??1Entry@?$HashTemplateClass@VStringClass@@PAVTDBObjClass@@@@QAE@XZ 1281e5f0 f i TranslateDBClass.obj
 0002:0000d620       ??1FileClass@@UAE@XZ       1281e620 f i TranslateDBClass.obj
 0002:0000d650       ??1RawFileClass@@UAE@XZ    1281e650 f i TranslateDBClass.obj
 0002:0000d6a0       ??1TextFileClass@@UAE@XZ   1281e6a0 f i TranslateDBClass.obj
 0002:0000d6d0       ??1TranslateDBClass@@UAE@XZ 1281e6d0 f i TranslateDBClass.obj
 0002:0000d700       ??A?$VectorClass@PAVTDBCategoryClass@@@@QAEAAPAVTDBCategoryClass@@H@Z 1281e700 f i TranslateDBClass.obj
 0002:0000d730       ??A?$VectorClass@PAVTDBObjClass@@@@QAEAAPAVTDBObjClass@@H@Z 1281e730 f i TranslateDBClass.obj
 0002:0000d760       ??_EEntry@?$HashTemplateClass@VStringClass@@PAVTDBObjClass@@@@QAEPAXI@Z 1281e760 f i TranslateDBClass.obj
 0002:0000d7f0       ??_EFileClass@@UAEPAXI@Z   1281e7f0 f i TranslateDBClass.obj
 0002:0000d7f0       ??_GFileClass@@UAEPAXI@Z   1281e7f0 f i TranslateDBClass.obj
 0002:0000d840       ??_GRawFileClass@@UAEPAXI@Z 1281e840 f i TranslateDBClass.obj
 0002:0000d840       ??_ERawFileClass@@UAEPAXI@Z 1281e840 f i TranslateDBClass.obj
 0002:0000d890       ??_GTextFileClass@@UAEPAXI@Z 1281e890 f i TranslateDBClass.obj
 0002:0000d890       ??_ETextFileClass@@UAEPAXI@Z 1281e890 f i TranslateDBClass.obj
 0002:0000d8e0       ??_GTranslateDBClass@@UAEPAXI@Z 1281e8e0 f i TranslateDBClass.obj
 0002:0000d8e0       ??_ETranslateDBClass@@UAEPAXI@Z 1281e8e0 f i TranslateDBClass.obj
 0002:0000d930       ?Add@?$DynamicVectorClass@PAVTDBCategoryClass@@@@QAE_NABQAVTDBCategoryClass@@@Z 1281e930 f i TranslateDBClass.obj
 0002:0000da00       ?Add@?$DynamicVectorClass@PAVTDBObjClass@@@@QAE_NABQAVTDBObjClass@@@Z 1281ea00 f i TranslateDBClass.obj
 0002:0000dad0       ?Add_Category@TranslateDBClass@@SAPAVTDBCategoryClass@@PBD@Z 1281ead0 f   TranslateDBClass.obj
 0002:0000dba0       ?Add_Category@TranslateDBClass@@SA_NPAVTDBCategoryClass@@_N@Z 1281eba0 f   TranslateDBClass.obj
 0002:0000dc90       ?Add_Object@TranslateDBClass@@SA_NPAVTDBObjClass@@@Z 1281ec90 f   TranslateDBClass.obj
 0002:0000ddb0       ?Attach@RawFileClass@@UAEXPAXH@Z 1281edb0 f i TranslateDBClass.obj
 0002:0000de20       ?Bias@RawFileClass@@UAEXHH@Z 1281ee20 f i TranslateDBClass.obj
 0002:0000ded0       ?Chunk_ID@TranslateDBClass@@UBEIXZ 1281eed0 f   TranslateDBClass.obj
 0002:0000def0       ?Clear_Object@TranslateDBClass@@SA_NH@Z 1281eef0 f   TranslateDBClass.obj
 0002:0000dfc0       ?Close@RawFileClass@@UAEXXZ 1281efc0 f i TranslateDBClass.obj
 0002:0000e040       ?Contains_Data@TranslateDBClass@@MBE_NXZ 1281f040 f   TranslateDBClass.obj
 0002:0000e060       ?Count@?$DynamicVectorClass@PAVTDBCategoryClass@@@@QBEHXZ 1281f060 f i TranslateDBClass.obj
 0002:0000e080       ?Count@?$DynamicVectorClass@PAVTDBObjClass@@@@QBEHXZ 1281f080 f i TranslateDBClass.obj
 0002:0000e0a0       ?Create@RawFileClass@@UAE_NXZ 1281f0a0 f i TranslateDBClass.obj
 0002:0000e120       ?Delete@?$DynamicVectorClass@PAVTDBCategoryClass@@@@QAE_NH@Z 1281f120 f i TranslateDBClass.obj
 0002:0000e1c0       ?Delete@RawFileClass@@UAE_NXZ 1281f1c0 f i TranslateDBClass.obj
 0002:0000e290       ?Delete_All@?$DynamicVectorClass@PAVTDBCategoryClass@@@@QAEXXZ 1281f290 f i TranslateDBClass.obj
 0002:0000e2e0       ?Delete_All@?$DynamicVectorClass@PAVTDBObjClass@@@@QAEXXZ 1281f2e0 f i TranslateDBClass.obj
 0002:0000e330       ?Detach@RawFileClass@@UAEXXZ 1281f330 f i TranslateDBClass.obj
 0002:0000e390       ?Error@RawFileClass@@UAEXHHPBD@Z 1281f390 f i TranslateDBClass.obj
 0002:0000e3b0       ?Export_C_Header@TranslateDBClass@@SAXPBD@Z 1281f3b0 f   TranslateDBClass.obj
 0002:0000e690       ?Export_Table@TranslateDBClass@@SAXPBD@Z 1281f690 f   TranslateDBClass.obj
 0002:0000e880       ?File_Name@RawFileClass@@UAEPBDXZ 1281f880 f i TranslateDBClass.obj
 0002:0000e8b0       ?Find_Category@TranslateDBClass@@SAPAVTDBCategoryClass@@I@Z 1281f8b0 f   TranslateDBClass.obj
 0002:0000e930       ?Find_Category@TranslateDBClass@@SAPAVTDBCategoryClass@@PBD@Z 1281f930 f   TranslateDBClass.obj
 0002:0000e9d0       ?Find_Object@TranslateDBClass@@SAPAVTDBObjClass@@PBD@Z 1281f9d0 f i TranslateDBClass.obj
 0002:0000ea50       ?Find_Unique_ID@TranslateDBClass@@KAIXZ 1281fa50 f   TranslateDBClass.obj
 0002:0000ead0       ?Free_Categories@TranslateDBClass@@KAXXZ 1281fad0 f   TranslateDBClass.obj
 0002:0000ebd0       ?Free_Objects@TranslateDBClass@@KAXXZ 1281fbd0 f   TranslateDBClass.obj
 0002:0000ecd0       ?Get@?$HashTemplateClass@VStringClass@@PAVTDBObjClass@@@@QBEPAPAVTDBObjClass@@ABVStringClass@@@Z 1281fcd0 f i TranslateDBClass.obj
 0002:0000ed80       ?Get@?$HashTemplateClass@VStringClass@@PAVTDBObjClass@@@@QBEPAVTDBObjClass@@ABVStringClass@@PAV2@@Z 1281fd80 f i TranslateDBClass.obj
 0002:0000edd0       ?Get_Category@TranslateDBClass@@SAPAVTDBCategoryClass@@H@Z 1281fdd0 f   TranslateDBClass.obj
 0002:0000ee20       ?Get_Category_Count@TranslateDBClass@@SAHXZ 1281fe20 f   TranslateDBClass.obj
 0002:0000ee50       ?Get_Date_Time@FileClass@@UAEKXZ 1281fe50 f i TranslateDBClass.obj
 0002:0000ee70       ?Get_Date_Time@RawFileClass@@UAEKXZ 1281fe70 f i TranslateDBClass.obj
 0002:0000eee0       ?Get_File_Handle@FileClass@@UAEPAXXZ 1281fee0 f i TranslateDBClass.obj
 0002:0000ef00       ?Get_File_Handle@RawFileClass@@UAEPAXXZ 1281ff00 f i TranslateDBClass.obj
 0002:0000ef20       ?Get_First_Object@TranslateDBClass@@SAPAVTDBObjClass@@I@Z 1281ff20 f   TranslateDBClass.obj
 0002:0000efa0       ?Get_ID@TDBCategoryClass@@QBEIXZ 1281ffa0 f i TranslateDBClass.obj
 0002:0000efc0       ?Get_Name@TDBCategoryClass@@QBEABVStringClass@@XZ 1281ffc0 f i TranslateDBClass.obj
 0002:0000efe0       ?Get_Next_Object@TranslateDBClass@@SAPAVTDBObjClass@@IPAV2@@Z 1281ffe0 f   TranslateDBClass.obj
 0002:0000f080       ?Get_Object@TranslateDBClass@@SAPAVTDBObjClass@@H@Z 12820080 f   TranslateDBClass.obj
 0002:0000f0d0       ?Get_Version_Number@TranslateDBClass@@SAIXZ 128200d0 f   TranslateDBClass.obj
 0002:0000f0f0       ?Import_Strings@TranslateDBClass@@SAXPBD@Z 128200f0 f   TranslateDBClass.obj
 0002:0000fe00       ?Initialize@TranslateDBClass@@SAXXZ 12820e00 f   TranslateDBClass.obj
 0002:0000fe30       ?Insert@?$HashTemplateClass@VStringClass@@PAVTDBObjClass@@@@QAEXABVStringClass@@ABQAVTDBObjClass@@@Z 12820e30 f i TranslateDBClass.obj
 0002:0000ff10       ?Is_Available@RawFileClass@@UAE_NH@Z 12820f10 f i TranslateDBClass.obj
 0002:0000ffe0       ?Is_Biased@RawFileClass@@QAE_NXZ 12820fe0 f i TranslateDBClass.obj
 0002:00010020       ?Is_Empty@StringClass@@QBE_NXZ 12821020 f i TranslateDBClass.obj
 0002:00010080       ?Is_Hash_Checked@RawFileClass@@UAE_NXZ 12821080 f i TranslateDBClass.obj
 0002:000100b0       ?Is_Loaded@TranslateDBClass@@SA_NXZ 128210b0 f i TranslateDBClass.obj
 0002:000100f0       ?Is_Open@RawFileClass@@UAE_NXZ 128210f0 f i TranslateDBClass.obj
 0002:00010120       ?Length@?$VectorClass@PAVTDBCategoryClass@@@@QBEHXZ 12821120 f i TranslateDBClass.obj
 0002:00010140       ?Length@?$VectorClass@PAVTDBObjClass@@@@QBEHXZ 12821140 f i TranslateDBClass.obj
 0002:00010160       ?Load@TranslateDBClass@@MAE_NAAVChunkLoadClass@@@Z 12821160 f   TranslateDBClass.obj
 0002:00010260       ?Load_Categories@TranslateDBClass@@IAE_NAAVChunkLoadClass@@@Z 12821260 f   TranslateDBClass.obj
 0002:000102f0       ?Load_Objects@TranslateDBClass@@IAE_NAAVChunkLoadClass@@@Z 128212f0 f   TranslateDBClass.obj
 0002:00010380       ?Load_Variables@TranslateDBClass@@IAE_NAAVChunkLoadClass@@@Z 12821380 f   TranslateDBClass.obj
 0002:00010420       ?Name@TranslateDBClass@@UBEPBDXZ 12821420 f i TranslateDBClass.obj
 0002:00010440       ?Open@RawFileClass@@UAEHH@Z 12821440 f i TranslateDBClass.obj
 0002:00010620       ?Open@RawFileClass@@UAEHPBDH@Z 12821620 f i TranslateDBClass.obj
 0002:00010670       ?Peek_Buffer@WideStringClass@@QBEPB_WXZ 12821670 f i TranslateDBClass.obj
 0002:00010690       ?Raw_Seek@RawFileClass@@QAEHHH@Z 12821690 f i TranslateDBClass.obj
 0002:00010740       ?Re_Hash@?$HashTemplateClass@VStringClass@@PAVTDBObjClass@@@@AAEXXZ 12821740 f i TranslateDBClass.obj
 0002:00010bb0       ?Read@RawFileClass@@UAEHPAXH@Z 12821bb0 f i TranslateDBClass.obj
 0002:00010cd0       ?Remove@?$HashTemplateClass@VStringClass@@PAVTDBObjClass@@@@QAEXABVStringClass@@@Z 12821cd0 f i TranslateDBClass.obj
 0002:00010dd0       ?Remove_All@?$HashTemplateClass@VStringClass@@PAVTDBObjClass@@@@QAEXXZ 12821dd0 f i TranslateDBClass.obj
 0002:00010ea0       ?Remove_All@TranslateDBClass@@SAXXZ 12821ea0 f   TranslateDBClass.obj
 0002:00010ec0       ?Remove_Category@TranslateDBClass@@SA_NH@Z 12821ec0 f   TranslateDBClass.obj
 0002:00011090       ?Remove_Object@TranslateDBClass@@SA_NH@Z 12822090 f   TranslateDBClass.obj
 0002:000111f0       ?Reset@RawFileClass@@QAEXXZ 128221f0 f i TranslateDBClass.obj
 0002:00011230       ?Save@TranslateDBClass@@MAE_NAAVChunkSaveClass@@@Z 12822230 f   TranslateDBClass.obj
 0002:000114e0       ?Seek@RawFileClass@@UAEHHH@Z 128224e0 f i TranslateDBClass.obj
 0002:000115d0       ?Set_Date_Time@FileClass@@UAE_NK@Z 128225d0 f i TranslateDBClass.obj
 0002:000115f0       ?Set_Date_Time@RawFileClass@@UAE_NK@Z 128225f0 f i TranslateDBClass.obj
 0002:00011690       ?Set_Growth_Step@?$DynamicVectorClass@PAVTDBObjClass@@@@QAEHH@Z 12822690 f i TranslateDBClass.obj
 0002:000116c0       ?Set_ID@TDBCategoryClass@@QAEXI@Z 128226c0 f i TranslateDBClass.obj
 0002:000116f0       ?Set_Name@RawFileClass@@UAEPBDPBD@Z 128226f0 f i TranslateDBClass.obj
 0002:00011750       ?Set_Name@TDBCategoryClass@@QAEXPBD@Z 12822750 f i TranslateDBClass.obj
 0002:00011780       ?Shutdown@TranslateDBClass@@SAXXZ 12822780 f   TranslateDBClass.obj
 0002:000117a0       ?Size@RawFileClass@@UAEHXZ 128227a0 f i TranslateDBClass.obj
 0002:00011890       ?Tell@FileClass@@UAEHXZ    12822890 f i TranslateDBClass.obj
 0002:000118c0       ?Update_Version@TranslateDBClass@@SAXXZ 128228c0 f   TranslateDBClass.obj
 0002:000118f0       ?Validate_Data@TranslateDBClass@@KAXXZ 128228f0 f   TranslateDBClass.obj
 0002:00011db0       ?Write@RawFileClass@@UAEHPAXH@Z 12822db0 f i TranslateDBClass.obj
 0002:00011ee0       ?Write_Line@TextFileClass@@QAE_NABVStringClass@@@Z 12822ee0 f i TranslateDBClass.obj
 0002:00011f70       ?computeHash@?$HashTemplateClass@VStringClass@@PAVTDBObjClass@@@@ABEIABVStringClass@@@Z 12822f70 f i TranslateDBClass.obj
 0002:00011fb0       ?computeHash@?$HashTemplateClass@VStringClass@@PAVTDBObjClass@@@@CAIABVStringClass@@I@Z 12822fb0 f i TranslateDBClass.obj
 0002:00012000       ?strrchr@@YAPADPADH@Z      12823000 f i TranslateDBClass.obj
 0002:00012030       ?wcschr@@YAPA_WPA_W_W@Z    12823030 f i TranslateDBClass.obj
 0002:00012060       ?wcsrchr@@YAPA_WPA_W_W@Z   12823060 f i TranslateDBClass.obj
 0002:00012090       ??0?$ObjectPoolClass@VGenericSLNode@@$0BAA@@@QAE@XZ 12823090 f i shared.obj
 0002:000120f0       ??0?$SLNode@VBeaconGameObj@@@@IAE@PAVBeaconGameObj@@@Z 128230f0 f i shared.obj
 0002:00012120       ??0?$SLNode@VC4GameObj@@@@IAE@PAVC4GameObj@@@Z 12823120 f i shared.obj
 0002:00012150       ??0?$SLNode@VScriptZoneGameObj@@@@IAE@PAVScriptZoneGameObj@@@Z 12823150 f i shared.obj
 0002:00012180       ??0?$SLNode@VSoldierGameObj@@@@IAE@PAVSoldierGameObj@@@Z 12823180 f i shared.obj
 0002:000121b0       ??0?$SLNode@VVehicleGameObj@@@@IAE@PAVVehicleGameObj@@@Z 128231b0 f i shared.obj
 0002:000121e0       ??0?$SList@VBeaconGameObj@@@@QAE@XZ 128231e0 f i shared.obj
 0002:00012220       ??0?$SList@VC4GameObj@@@@QAE@XZ 12823220 f i shared.obj
 0002:00012260       ??0?$SList@VScriptZoneGameObj@@@@QAE@XZ 12823260 f i shared.obj
 0002:000122a0       ??0?$SList@VSoldierGameObj@@@@QAE@XZ 128232a0 f i shared.obj
 0002:000122e0       ??0?$SList@VVehicleGameObj@@@@QAE@XZ 128232e0 f i shared.obj
 0002:00012320       ??0GenericSLNode@@IAE@PAX@Z 12823320 f i shared.obj
 0002:00012360       ??1?$ObjectPoolClass@VGenericSLNode@@$0BAA@@@QAE@XZ 12823360 f i shared.obj
 0002:00012470       ??1?$SList@VBeaconGameObj@@@@UAE@XZ 12823470 f i shared.obj
 0002:000124a0       ??1?$SList@VC4GameObj@@@@UAE@XZ 128234a0 f i shared.obj
 0002:000124d0       ??1?$SList@VScriptZoneGameObj@@@@UAE@XZ 128234d0 f i shared.obj
 0002:00012500       ??1?$SList@VSoldierGameObj@@@@UAE@XZ 12823500 f i shared.obj
 0002:00012530       ??1?$SList@VVehicleGameObj@@@@UAE@XZ 12823530 f i shared.obj
 0002:00012560       ??2?$AutoPoolClass@VGenericSLNode@@$0BAA@@@SAPAXIPBDI0@Z 12823560 f i shared.obj
 0002:00012590       ??3?$AutoPoolClass@VGenericSLNode@@$0BAA@@@SAXPAX@Z 12823590 f i shared.obj
 0002:000125c0       ??_G?$SList@VBeaconGameObj@@@@UAEPAXI@Z 128235c0 f i shared.obj
 0002:000125c0       ??_E?$SList@VBeaconGameObj@@@@UAEPAXI@Z 128235c0 f i shared.obj
 0002:00012610       ??_E?$SList@VC4GameObj@@@@UAEPAXI@Z 12823610 f i shared.obj
 0002:00012610       ??_G?$SList@VC4GameObj@@@@UAEPAXI@Z 12823610 f i shared.obj
 0002:00012660       ??_G?$SList@VScriptZoneGameObj@@@@UAEPAXI@Z 12823660 f i shared.obj
 0002:00012660       ??_E?$SList@VScriptZoneGameObj@@@@UAEPAXI@Z 12823660 f i shared.obj
 0002:000126b0       ??_G?$SList@VSoldierGameObj@@@@UAEPAXI@Z 128236b0 f i shared.obj
 0002:000126b0       ??_E?$SList@VSoldierGameObj@@@@UAEPAXI@Z 128236b0 f i shared.obj
 0002:00012700       ??_E?$SList@VVehicleGameObj@@@@UAEPAXI@Z 12823700 f i shared.obj
 0002:00012700       ??_G?$SList@VVehicleGameObj@@@@UAEPAXI@Z 12823700 f i shared.obj
 0002:00012750       ?Add_Head@?$SList@VBeaconGameObj@@@@UAE_NAAV1@@Z 12823750 f i shared.obj
 0002:000128c0       ?Add_Head@?$SList@VBeaconGameObj@@@@UAE_NPAVBeaconGameObj@@@Z 128238c0 f i shared.obj
 0002:000129c0       ?Add_Head@?$SList@VC4GameObj@@@@UAE_NAAV1@@Z 128239c0 f i shared.obj
 0002:00012b30       ?Add_Head@?$SList@VC4GameObj@@@@UAE_NPAVC4GameObj@@@Z 12823b30 f i shared.obj
 0002:00012c30       ?Add_Head@?$SList@VScriptZoneGameObj@@@@UAE_NAAV1@@Z 12823c30 f i shared.obj
 0002:00012da0       ?Add_Head@?$SList@VScriptZoneGameObj@@@@UAE_NPAVScriptZoneGameObj@@@Z 12823da0 f i shared.obj
 0002:00012ea0       ?Add_Head@?$SList@VSoldierGameObj@@@@UAE_NAAV1@@Z 12823ea0 f i shared.obj
 0002:00013010       ?Add_Head@?$SList@VSoldierGameObj@@@@UAE_NPAVSoldierGameObj@@@Z 12824010 f i shared.obj
 0002:00013110       ?Add_Head@?$SList@VVehicleGameObj@@@@UAE_NAAV1@@Z 12824110 f i shared.obj
 0002:00013280       ?Add_Head@?$SList@VVehicleGameObj@@@@UAE_NPAVVehicleGameObj@@@Z 12824280 f i shared.obj
 0002:00013380       ?Add_Tail@?$SList@VBeaconGameObj@@@@UAE_NAAV1@@Z 12824380 f i shared.obj
 0002:000133f0       ?Add_Tail@?$SList@VBeaconGameObj@@@@UAE_NPAVBeaconGameObj@@@Z 128243f0 f i shared.obj
 0002:00013500       ?Add_Tail@?$SList@VC4GameObj@@@@UAE_NAAV1@@Z 12824500 f i shared.obj
 0002:00013570       ?Add_Tail@?$SList@VC4GameObj@@@@UAE_NPAVC4GameObj@@@Z 12824570 f i shared.obj
 0002:00013680       ?Add_Tail@?$SList@VScriptZoneGameObj@@@@UAE_NAAV1@@Z 12824680 f i shared.obj
 0002:000136f0       ?Add_Tail@?$SList@VScriptZoneGameObj@@@@UAE_NPAVScriptZoneGameObj@@@Z 128246f0 f i shared.obj
 0002:00013800       ?Add_Tail@?$SList@VSoldierGameObj@@@@UAE_NAAV1@@Z 12824800 f i shared.obj
 0002:00013870       ?Add_Tail@?$SList@VSoldierGameObj@@@@UAE_NPAVSoldierGameObj@@@Z 12824870 f i shared.obj
 0002:00013980       ?Add_Tail@?$SList@VVehicleGameObj@@@@UAE_NAAV1@@Z 12824980 f i shared.obj
 0002:000139f0       ?Add_Tail@?$SList@VVehicleGameObj@@@@UAE_NPAVVehicleGameObj@@@Z 128249f0 f i shared.obj
 0002:00013b00       ?Allocate_Object_Memory@?$ObjectPoolClass@VGenericSLNode@@$0BAA@@@QAEPAVGenericSLNode@@XZ 12824b00 f i shared.obj
 0002:00013cb0       ?Data@?$SLNode@VBeaconGameObj@@@@QBEPAVBeaconGameObj@@XZ 12824cb0 f i shared.obj
 0002:00013cd0       ?Data@?$SLNode@VC4GameObj@@@@QBEPAVC4GameObj@@XZ 12824cd0 f i shared.obj
 0002:00013cf0       ?Data@?$SLNode@VScriptZoneGameObj@@@@QBEPAVScriptZoneGameObj@@XZ 12824cf0 f i shared.obj
 0002:00013d10       ?Data@?$SLNode@VSoldierGameObj@@@@QBEPAVSoldierGameObj@@XZ 12824d10 f i shared.obj
 0002:00013d30       ?Data@?$SLNode@VVehicleGameObj@@@@QBEPAVVehicleGameObj@@XZ 12824d30 f i shared.obj
 0002:00013d50       ?Free_Object_Memory@?$ObjectPoolClass@VGenericSLNode@@$0BAA@@@QAEXAAVGenericSLNode@@@Z 12824d50 f i shared.obj
 0002:00013dd0       ?Get_Count@?$SList@VBeaconGameObj@@@@UBEIXZ 12824dd0 f i shared.obj
 0002:00013e30       ?Get_Count@?$SList@VC4GameObj@@@@UBEIXZ 12824e30 f i shared.obj
 0002:00013e90       ?Get_Count@?$SList@VScriptZoneGameObj@@@@UBEIXZ 12824e90 f i shared.obj
 0002:00013ef0       ?Get_Count@?$SList@VSoldierGameObj@@@@UBEIXZ 12824ef0 f i shared.obj
 0002:00013f50       ?Get_Count@?$SList@VVehicleGameObj@@@@UBEIXZ 12824f50 f i shared.obj
 0002:00013fb0       ?Insert_After@?$SList@VBeaconGameObj@@@@UAE_NPAVBeaconGameObj@@PBV2@@Z 12824fb0 f i shared.obj
 0002:00014160       ?Insert_After@?$SList@VC4GameObj@@@@UAE_NPAVC4GameObj@@PBV2@@Z 12825160 f i shared.obj
 0002:00014310       ?Insert_After@?$SList@VScriptZoneGameObj@@@@UAE_NPAVScriptZoneGameObj@@PBV2@@Z 12825310 f i shared.obj
 0002:000144c0       ?Insert_After@?$SList@VSoldierGameObj@@@@UAE_NPAVSoldierGameObj@@PBV2@@Z 128254c0 f i shared.obj
 0002:00014670       ?Insert_After@?$SList@VVehicleGameObj@@@@UAE_NPAVVehicleGameObj@@PBV2@@Z 12825670 f i shared.obj
 0002:00014820       ?Insert_Before@?$SList@VBeaconGameObj@@@@UAE_NPAVBeaconGameObj@@PBV2@@Z 12825820 f i shared.obj
 0002:000149d0       ?Insert_Before@?$SList@VC4GameObj@@@@UAE_NPAVC4GameObj@@PBV2@@Z 128259d0 f i shared.obj
 0002:00014b80       ?Insert_Before@?$SList@VScriptZoneGameObj@@@@UAE_NPAVScriptZoneGameObj@@PBV2@@Z 12825b80 f i shared.obj
 0002:00014d30       ?Insert_Before@?$SList@VSoldierGameObj@@@@UAE_NPAVSoldierGameObj@@PBV2@@Z 12825d30 f i shared.obj
 0002:00014ee0       ?Insert_Before@?$SList@VVehicleGameObj@@@@UAE_NPAVVehicleGameObj@@PBV2@@Z 12825ee0 f i shared.obj
 0002:00015090       ?Is_Empty@?$SList@VBeaconGameObj@@@@UBE_NXZ 12826090 f i shared.obj
 0002:000150d0       ?Is_Empty@?$SList@VC4GameObj@@@@UBE_NXZ 128260d0 f i shared.obj
 0002:00015110       ?Is_Empty@?$SList@VScriptZoneGameObj@@@@UBE_NXZ 12826110 f i shared.obj
 0002:00015150       ?Is_Empty@?$SList@VSoldierGameObj@@@@UBE_NXZ 12826150 f i shared.obj
 0002:00015190       ?Is_Empty@?$SList@VVehicleGameObj@@@@UBE_NXZ 12826190 f i shared.obj
 0002:000151d0       ?Next@?$SLNode@VBeaconGameObj@@@@QBEPAV1@XZ 128261d0 f i shared.obj
 0002:000151f0       ?Next@?$SLNode@VC4GameObj@@@@QBEPAV1@XZ 128261f0 f i shared.obj
 0002:00015210       ?Next@?$SLNode@VScriptZoneGameObj@@@@QBEPAV1@XZ 12826210 f i shared.obj
 0002:00015230       ?Next@?$SLNode@VSoldierGameObj@@@@QBEPAV1@XZ 12826230 f i shared.obj
 0002:00015250       ?Next@?$SLNode@VVehicleGameObj@@@@QBEPAV1@XZ 12826250 f i shared.obj
 0002:00015270       ?Remove@?$SList@VBeaconGameObj@@@@UAE_NPBVBeaconGameObj@@@Z 12826270 f i shared.obj
 0002:00015400       ?Remove@?$SList@VC4GameObj@@@@UAE_NPBVC4GameObj@@@Z 12826400 f i shared.obj
 0002:00015590       ?Remove@?$SList@VScriptZoneGameObj@@@@UAE_NPBVScriptZoneGameObj@@@Z 12826590 f i shared.obj
 0002:00015720       ?Remove@?$SList@VSoldierGameObj@@@@UAE_NPBVSoldierGameObj@@@Z 12826720 f i shared.obj
 0002:000158b0       ?Remove@?$SList@VVehicleGameObj@@@@UAE_NPBVVehicleGameObj@@@Z 128268b0 f i shared.obj
 0002:00015a40       ?Remove_All@?$SList@VBeaconGameObj@@@@UAEXXZ 12826a40 f i shared.obj
 0002:00015b00       ?Remove_All@?$SList@VC4GameObj@@@@UAEXXZ 12826b00 f i shared.obj
 0002:00015bc0       ?Remove_All@?$SList@VScriptZoneGameObj@@@@UAEXXZ 12826bc0 f i shared.obj
 0002:00015c80       ?Remove_All@?$SList@VSoldierGameObj@@@@UAEXXZ 12826c80 f i shared.obj
 0002:00015d40       ?Remove_All@?$SList@VVehicleGameObj@@@@UAEXXZ 12826d40 f i shared.obj
 0002:00015e00       ?Remove_Head@?$SList@VBeaconGameObj@@@@UAEPAVBeaconGameObj@@XZ 12826e00 f i shared.obj
 0002:00015ee0       ?Remove_Head@?$SList@VC4GameObj@@@@UAEPAVC4GameObj@@XZ 12826ee0 f i shared.obj
 0002:00015fc0       ?Remove_Head@?$SList@VScriptZoneGameObj@@@@UAEPAVScriptZoneGameObj@@XZ 12826fc0 f i shared.obj
 0002:000160a0       ?Remove_Head@?$SList@VSoldierGameObj@@@@UAEPAVSoldierGameObj@@XZ 128270a0 f i shared.obj
 0002:00016180       ?Remove_Head@?$SList@VVehicleGameObj@@@@UAEPAVVehicleGameObj@@XZ 12827180 f i shared.obj
 0002:00016260       ?Remove_Tail@?$SList@VBeaconGameObj@@@@UAEPAVBeaconGameObj@@XZ 12827260 f i shared.obj
 0002:000162d0       ?Remove_Tail@?$SList@VC4GameObj@@@@UAEPAVC4GameObj@@XZ 128272d0 f i shared.obj
 0002:00016340       ?Remove_Tail@?$SList@VScriptZoneGameObj@@@@UAEPAVScriptZoneGameObj@@XZ 12827340 f i shared.obj
 0002:000163b0       ?Remove_Tail@?$SList@VSoldierGameObj@@@@UAEPAVSoldierGameObj@@XZ 128273b0 f i shared.obj
 0002:00016420       ?Remove_Tail@?$SList@VVehicleGameObj@@@@UAEPAVVehicleGameObj@@XZ 12827420 f i shared.obj
 0002:00016490       ?Set_Next@?$SLNode@VBeaconGameObj@@@@QAEXPAV1@@Z 12827490 f i shared.obj
 0002:000164c0       ?Set_Next@?$SLNode@VC4GameObj@@@@QAEXPAV1@@Z 128274c0 f i shared.obj
 0002:000164f0       ?Set_Next@?$SLNode@VScriptZoneGameObj@@@@QAEXPAV1@@Z 128274f0 f i shared.obj
 0002:00016520       ?Set_Next@?$SLNode@VSoldierGameObj@@@@QAEXPAV1@@Z 12827520 f i shared.obj
 0002:00016550       ?Set_Next@?$SLNode@VVehicleGameObj@@@@QAEXPAV1@@Z 12827550 f i shared.obj
 0002:00016580       ?getInstance@?$Singleton@V?$ObjectPoolClass@VGenericSLNode@@$0BAA@@@@@SAAAV?$ObjectPoolClass@VGenericSLNode@@$0BAA@@@XZ 12827580 f i shared.obj
 0002:000165e0       ?writeDummyPattern@?$ObjectPoolClass@VGenericSLNode@@$0BAA@@@QAEXAAVGenericSLNode@@K@Z 128275e0 f i shared.obj
 0002:00016632       ??2@YAPAXI@Z               12827632 f   MemoryManager:MemoryManager.dll
 0002:00016638       ??3@YAXPAX@Z               12827638 f   MemoryManager:MemoryManager.dll
 0002:0001663e       ??_V@YAXPAX@Z              1282763e f   MemoryManager:MemoryManager.dll
 0002:00016644       ??_U@YAPAXI@Z              12827644 f   MemoryManager:MemoryManager.dll
 0002:0001664a       ?SetThreadTrackingInformation@@YAXPBDI0@Z 1282764a f   MemoryManager:MemoryManager.dll
 0002:00016650       _memset                    12827650 f   MSVCRTD:MSVCR110D.dll
 0002:00016660       ___atonexitinit            12827660 f   MSVCRTD:atonexit.obj
 0002:00016740       __onexit                   12827740 f   MSVCRTD:atonexit.obj
 0002:00016870       _atexit                    12827870 f   MSVCRTD:atonexit.obj
 0002:000168a6       __wassert                  128278a6 f   MSVCRTD:MSVCR110D.dll
 0002:000168ac       _qsort                     128278ac f   MSVCRTD:MSVCR110D.dll
 0002:000168b2       __stricmp                  128278b2 f   MSVCRTD:MSVCR110D.dll
 0002:000168b8       __strlwr                   128278b8 f   MSVCRTD:MSVCR110D.dll
 0002:000168be       _memcpy                    128278be f   MSVCRTD:MSVCR110D.dll
 0002:000168d0       ??0type_info@@AAE@ABV0@@Z  128278d0 f   MSVCRTD:ti_inst.obj
 0002:000168f0       ??4type_info@@AAEAAV0@ABV0@@Z 128278f0 f   MSVCRTD:ti_inst.obj
 0002:00016910       ??_Etype_info@@UAEPAXI@Z   12827910 f i MSVCRTD:ti_inst.obj
 0002:00016994       _memcmp                    12827994 f   MSVCRTD:MSVCR110D.dll
 0002:0001699a       _mbstowcs                  1282799a f   MSVCRTD:MSVCR110D.dll
 0002:000169a0       _wcstombs                  128279a0 f   MSVCRTD:MSVCR110D.dll
 0002:000169a6       __vsnwprintf               128279a6 f   MSVCRTD:MSVCR110D.dll
 0002:000169ac       __wcsnicmp                 128279ac f   MSVCRTD:MSVCR110D.dll
 0002:000169b2       _mbsrtowcs                 128279b2 f   MSVCRTD:MSVCR110D.dll
 0002:000169b8       _wcsrtombs                 128279b8 f   MSVCRTD:MSVCR110D.dll
 0002:000169be       _memmove                   128279be f   MSVCRTD:MSVCR110D.dll
 0002:000169c4       __strnicmp                 128279c4 f   MSVCRTD:MSVCR110D.dll
 0002:000169ca       _strstr                    128279ca f   MSVCRTD:MSVCR110D.dll
 0002:000169d0       _isspace                   128279d0 f   MSVCRTD:MSVCR110D.dll
 0002:000169e0       _sprintf                   128279e0 f   MSVCRTD:MSVCR110D.dll
 0002:000169e6       __purecall                 128279e6 f   MSVCRTD:MSVCR110D.dll
 0002:000169ec       __errno                    128279ec f   MSVCRTD:MSVCR110D.dll
 0002:000169f2       __wtoi                     128279f2 f   MSVCRTD:MSVCR110D.dll
 0002:000169f8       _fgetws                    128279f8 f   MSVCRTD:MSVCR110D.dll
 0002:000169fe       _fwprintf_s                128279fe f   MSVCRTD:MSVCR110D.dll
 0002:00016a04       _wcschr                    12827a04 f   MSVCRTD:MSVCR110D.dll
 0002:00016a0a       _wcsrchr                   12827a0a f   MSVCRTD:MSVCR110D.dll
 0002:00016a10       _fopen                     12827a10 f   MSVCRTD:MSVCR110D.dll
 0002:00016a16       _strrchr                   12827a16 f   MSVCRTD:MSVCR110D.dll
 0002:00016ac0       _NtCurrentTeb              12827ac0 f i MSVCRTD:crtdll.obj
 0002:00016ad0       __CRT_INIT@12              12827ad0 f   MSVCRTD:crtdll.obj
 0002:00016e60       __DllMainCRTStartup@12     12827e60 f   MSVCRTD:crtdll.obj
 0002:000170c0       __lock                     128280c0 f   MSVCRTD:MSVCR110D.dll
 0002:000170c6       __unlock                   128280c6 f   MSVCRTD:MSVCR110D.dll
 0002:000170cc       __CrtDbgReportW            128280cc f   MSVCRTD:MSVCR110D.dll
 0002:000170d2       __calloc_dbg               128280d2 f   MSVCRTD:MSVCR110D.dll
 0002:000170d8       ___dllonexit               128280d8 f   MSVCRTD:MSVCR110D.dll
 0002:000170e0       __except_handler4          128280e0 f   MSVCRTD:chandler4gs.obj
 0002:00017110       ??_M@YGXPAXIHP6EX0@Z@Z     12828110 f   MSVCRTD:ehvecdtr.obj
 0002:00017230       ?__ArrayUnwind@@YGXPAXIHP6EX0@Z@Z 12828230 f   MSVCRTD:ehvecdtr.obj
 0002:000172dc       ??1type_info@@UAE@XZ       128282dc f   MSVCRTD:MSVCR110D.dll
 0002:000172e2       __vsnprintf                128282e2 f   MSVCRTD:MSVCR110D.dll
 0002:000172e8       ___CppXcptFilter           128282e8 f   MSVCRTD:MSVCR110D.dll
 0002:000172ee       __amsg_exit                128282ee f   MSVCRTD:MSVCR110D.dll
 0002:000172f4       __malloc_dbg               128282f4 f   MSVCRTD:MSVCR110D.dll
 0002:000172fa       __free_dbg                 128282fa f   MSVCRTD:MSVCR110D.dll
 0002:00017300       __CrtSetCheckCount         12828300 f   MSVCRTD:MSVCR110D.dll
 0002:00017310       __FindPESection            12828310 f   MSVCRTD:pesect.obj
 0002:000173a0       __IsNonwritableInCurrentImage 128283a0 f   MSVCRTD:pesect.obj
 0002:00017520       __ValidateImageBase        12828520 f   MSVCRTD:pesect.obj
 0002:000175a0       ___security_init_cookie    128285a0 f   MSVCRTD:gs_support.obj
 0002:000176c0       _DllMain@12                128286c0 f   MSVCRTD:dllmain.obj
 0002:000176f0       __RTC_Initialize           128286f0 f   MSVCRTD:initsect.obj
 0002:00017720       __RTC_Terminate            12828720 f   MSVCRTD:initsect.obj
 0002:0001774e       __initterm                 1282874e f   MSVCRTD:MSVCR110D.dll
 0002:00017754       __initterm_e               12828754 f   MSVCRTD:MSVCR110D.dll
 0002:00017760       ___clean_type_info_names   12828760 f   MSVCRTD:tncleanup.obj
 0002:00017780       @__security_check_cookie@4 12828780 f   MSVCRTD:secchk.obj
 0002:00017792       __except_handler4_common   12828792 f   MSVCRTD:MSVCR110D.dll
 0002:00017798       ?terminate@@YAXXZ          12828798 f   MSVCRTD:MSVCR110D.dll
 0002:0001779e       ___clean_type_info_names_internal 1282879e f   MSVCRTD:MSVCR110D.dll
 0002:000177b0       ___raise_securityfailure   128287b0 f   MSVCRTD:gs_report.obj
 0002:00017810       ___report_gsfailure        12828810 f   MSVCRTD:gs_report.obj
 0002:00017960       ___report_rangecheckfailure 12828960 f   MSVCRTD:gs_report.obj
 0002:00017970       ___report_securityfailure  12828970 f   MSVCRTD:gs_report.obj
 0002:00017a80       ___report_securityfailureEx 12828a80 f   MSVCRTD:gs_report.obj
 0002:00017bee       __crt_debugger_hook        12828bee f   MSVCRTD:MSVCR110D.dll
 0002:00017bf4       ___crtUnhandledException   12828bf4 f   MSVCRTD:MSVCR110D.dll
 0002:00017bfa       ___crtTerminateProcess     12828bfa f   MSVCRTD:MSVCR110D.dll
 0002:00017c00       _VirtualProtectEx@20       12828c00 f   kernel32:KERNEL32.dll
 0002:00017c06       _GetCurrentProcess@0       12828c06 f   kernel32:KERNEL32.dll
 0002:00017c0c       _DebugBreak@0              12828c0c f   kernel32:KERNEL32.dll
 0002:00017c12       _OutputDebugStringA@4      12828c12 f   kernel32:KERNEL32.dll
 0002:00017c18       _GetLastError@0            12828c18 f   kernel32:KERNEL32.dll
 0002:00017c1e       _GetFileInformationByHandle@8 12828c1e f   kernel32:KERNEL32.dll
 0002:00017c24       _GetFileSize@8             12828c24 f   kernel32:KERNEL32.dll
 0002:00017c2a       _WriteFile@20              12828c2a f   kernel32:KERNEL32.dll
 0002:00017c30       _ReadFile@20               12828c30 f   kernel32:KERNEL32.dll
 0002:00017c36       _SetFilePointer@16         12828c36 f   kernel32:KERNEL32.dll
 0002:00017c3c       _SetFileTime@16            12828c3c f   kernel32:KERNEL32.dll
 0002:00017c42       _CloseHandle@4             12828c42 f   kernel32:KERNEL32.dll
 0002:00017c48       _FileTimeToDosDateTime@12  12828c48 f   kernel32:KERNEL32.dll
 0002:00017c4e       _DosDateTimeToFileTime@12  12828c4e f   kernel32:KERNEL32.dll
 0002:00017c54       _CreateFileA@28            12828c54 f   kernel32:KERNEL32.dll
 0002:00017c5a       _GetFileAttributesA@4      12828c5a f   kernel32:KERNEL32.dll
 0002:00017c60       _DeleteFileA@4             12828c60 f   kernel32:KERNEL32.dll
 0002:00017c66       _EncodePointer@4           12828c66 f   kernel32:KERNEL32.dll
 0002:00017c6c       _DecodePointer@4           12828c6c f   kernel32:KERNEL32.dll
 0002:00017c72       _QueryPerformanceCounter@4 12828c72 f   kernel32:KERNEL32.dll
 0002:00017c78       _GetCurrentProcessId@0     12828c78 f   kernel32:KERNEL32.dll
 0002:00017c7e       _GetCurrentThreadId@0      12828c7e f   kernel32:KERNEL32.dll
 0002:00017c84       _GetSystemTimeAsFileTime@4 12828c84 f   kernel32:KERNEL32.dll
 0002:00017c8a       _DisableThreadLibraryCalls@4 12828c8a f   kernel32:KERNEL32.dll
 0002:00017c90       _IsDebuggerPresent@0       12828c90 f   kernel32:KERNEL32.dll
 0002:00017c96       _IsProcessorFeaturePresent@4 12828c96 f   kernel32:KERNEL32.dll
 0002:00019e00       ??__Finstancex@?1??getInstance@?$Singleton@V?$ObjectPoolClass@VMultiListNodeClass@@$0BAA@@@@@SAAAV?$ObjectPoolClass@VMultiListNodeClass@@$0BAA@@@XZ@YAXXZ 1282ae00 f i multilist.obj
 0002:00019f20       ??__Finstancex@?1??getInstance@?$Singleton@V?$ObjectPoolClass@VGenericSLNode@@$0BAA@@@@@SAAAV?$ObjectPoolClass@VGenericSLNode@@$0BAA@@@XZ@YAXXZ 1282af20 f i shared.obj
 0003:00000000       ___xc_a                    1282c000     MSVCRTD:cinitexe.obj
 0003:00000388       ___xc_z                    1282c388     MSVCRTD:cinitexe.obj
 0003:0000048c       ___xi_a                    1282c48c     MSVCRTD:cinitexe.obj
 0003:00000798       ___xi_z                    1282c798     MSVCRTD:cinitexe.obj
 0003:0000089c       ___xl_a                    1282c89c     MSVCRTD:tlssup.obj
 0003:000008a0       ___xl_z                    1282c8a0     MSVCRTD:tlssup.obj
 0003:000008ec       ??_C@_1M@HLGKFCJM@?$AAf?$AAa?$AAl?$AAs?$AAe?$AA?$AA@ 1282c8ec     DefinitionMgrClass.obj
 0003:000008fc       ??_C@_0DJ@NKJHEMPA@x?3?2github?2renegade?2dragonade_rxd@ 1282c8fc     DefinitionMgrClass.obj
 0003:00000940       ??_C@_1HC@JEIHKHFK@?$AAx?$AA?3?$AA?2?$AAg?$AAi?$AAt?$AAh?$AAu?$AAb?$AA?2?$AAr?$AAe?$AAn?$AAe?$AAg?$AAa?$AAd?$AAe?$AA?2?$AAd?$AAr?$AAa?$AAg?$AAo?$AAn?$AAa?$AAd?$AAe?$AA_?$AAr?$AAx?$AAd@ 1282c940     DefinitionMgrClass.obj
 0003:000009cc       ??_7DefinitionMgrClass@@6B@ 1282c9cc     DefinitionMgrClass.obj
 0003:000009f0       ??_C@_0BD@HGAKCENP@DefinitionMgrClass?$AA@ 1282c9f0     DefinitionMgrClass.obj
 0003:00000a0c       ??_7?$VectorClass@PAVDefinitionClass@@@@6B@ 1282ca0c     DefinitionMgrClass.obj
 0003:00000a30       ??_7?$DynamicVectorClass@PAVDefinitionClass@@@@6B@ 1282ca30     DefinitionMgrClass.obj
 0003:00000a50       ??_C@_0CK@PGPNHOMN@DefinitionMgrClass?3?3Find_Typed_D@ 1282ca50     DefinitionMgrClass.obj
 0003:00000a88       ??_C@_0EA@OOLMHBDI@x?3?2github?2renegade?2dragonade_rxd@ 1282ca88     DefinitionMgrClass.obj
 0003:00000ad8       ??_C@_1IA@CONNEFNJ@?$AAx?$AA?3?$AA?2?$AAg?$AAi?$AAt?$AAh?$AAu?$AAb?$AA?2?$AAr?$AAe?$AAn?$AAe?$AAg?$AAa?$AAd?$AAe?$AA?2?$AAd?$AAr?$AAa?$AAg?$AAo?$AAn?$AAa?$AAd?$AAe?$AA_?$AAr?$AAx?$AAd@ 1282cad8     DefinitionMgrClass.obj
 0003:00000b74       ??_C@_0CF@FJKBDLNG@DefinitionMgrClass?3?3Free_Definit@ 1282cb74     DefinitionMgrClass.obj
 0003:00000ba0       ??_C@_0CN@JIIKJGD@DefinitionMgrClass?3?3Prepare_Defi@ 1282cba0     DefinitionMgrClass.obj
 0003:00000bd8       ??_C@_0GN@HPGKLBMI@HashTemplateClass?$DMclass?5StringCl@ 1282cbd8     DefinitionMgrClass.obj
 0003:00000c5c       ??_C@_0DN@EECEFMJH@x?3?2github?2renegade?2dragonade_rxd@ 1282cc5c     DefinitionMgrClass.obj
 0003:00000ca8       ??_C@_1HK@JEBHJDL@?$AAx?$AA?3?$AA?2?$AAg?$AAi?$AAt?$AAh?$AAu?$AAb?$AA?2?$AAr?$AAe?$AAn?$AAe?$AAg?$AAa?$AAd?$AAe?$AA?2?$AAd?$AAr?$AAa?$AAg?$AAo?$AAn?$AAa?$AAd?$AAe?$AA_?$AAr?$AAx?$AAd@ 1282cca8     DefinitionMgrClass.obj
 0003:00000d3c       ??_C@_0CN@BLFEAMID@VectorClass?$DMclass?5DefinitionClas@ 1282cd3c     DefinitionMgrClass.obj
 0003:00000d74       ??_C@_0CM@BOFDANDO@VectorClass?$DMclass?5DefinitionClas@ 1282cd74     DefinitionMgrClass.obj
 0003:00000da8       ??_C@_0GC@DNMHHGC@HashTemplateClass?$DMclass?5StringCl@ 1282cda8     DefinitionMgrClass.obj
 0003:00000e20       ??_C@_0DC@JFCHDEGG@VectorClass?$DMclass?5DefinitionClas@ 1282ce20     DefinitionMgrClass.obj
 0003:00000e7c       ??_C@_02DKCKIIND@?$CFs?$AA@ 1282ce7c     engine_common.obj
 0003:00000e80       ??_C@_0BN@KPANAABL@StringClass?3?3Allocate_Buffer?$AA@ 1282ce80     engine_string.obj
 0003:00000ea4       ??_C@_0DJ@EFHDACI@x?3?2github?2renegade?2dragonade_rxd@ 1282cea4     engine_string.obj
 0003:00000ee8       ??_C@_1HC@IKKBAMML@?$AAx?$AA?3?$AA?2?$AAg?$AAi?$AAt?$AAh?$AAu?$AAb?$AA?2?$AAr?$AAe?$AAn?$AAe?$AAg?$AAa?$AAd?$AAe?$AA?2?$AAd?$AAr?$AAa?$AAg?$AAo?$AAn?$AAa?$AAd?$AAe?$AA_?$AAr?$AAx?$AAd@ 1282cee8     engine_string.obj
 0003:00000f70       ??_C@_0CB@MBFDNJL@WideStringClass?3?3Allocate_Buffer@ 1282cf70     engine_string.obj
 0003:00000f98       ??_C@_0BJ@MIFLMFEP@StringClass?3?3Free_String?$AA@ 1282cf98     engine_string.obj
 0003:00000fb8       ??_C@_0DL@NHELAMPG@x?3?2github?2renegade?2dragonade_rxd@ 1282cfb8     engine_string.obj
 0003:00001000       ??_C@_1HG@CPFAMGPO@?$AAx?$AA?3?$AA?2?$AAg?$AAi?$AAt?$AAh?$AAu?$AAb?$AA?2?$AAr?$AAe?$AAn?$AAe?$AAg?$AAa?$AAd?$AAe?$AA?2?$AAd?$AAr?$AAa?$AAg?$AAo?$AAn?$AAa?$AAd?$AAe?$AA_?$AAr?$AAx?$AAd@ 1282d000     engine_string.obj
 0003:00001090       ??_C@_0BF@IPJLDOC@StringClass?3?3Replace?$AA@ 1282d090     engine_string.obj
 0003:000010ac       ??_C@_0BN@IGIIDELN@WideStringClass?3?3Free_String?$AA@ 1282d0ac     engine_string.obj
 0003:000010d0       ??_C@_0P@PEDLLHMO@CharToWideChar?$AA@ 1282d0d0     engine_string.obj
 0003:000010e4       ??_C@_0P@NCJGMDNE@WideCharToChar?$AA@ 1282d0e4     engine_string.obj
 0003:000010f8       ??_C@_06JNKKGBIF@newstr?$AA@ 1282d0f8     engine_string.obj
 0003:00001100       ??_C@_06BCLKHCGG@newwcs?$AA@ 1282d100     engine_string.obj
 0003:00001108       ??_C@_0EG@DPFLNLJB@ObjectPoolClass?$DMclass?5MultiListN@ 1282d108     multilist.obj
 0003:00001160       ??_C@_0FK@NKPBCFOI@?$CFd?5memory?5leaks?5found?5in?5ObjectP@ 1282d160     multilist.obj
 0003:000011d0       ??_C@_0EA@GODEPPHP@ObjectPoolClass?$DMclass?5MultiListN@ 1282d1d0     multilist.obj
 0003:00001224       ??_7PersistFactoryClass@@6B@ 1282d224     PersistFactoryClass.obj
 0003:0000123c       ??_7PostLoadableClass@@6B@ 1282d23c     PersistFactoryClass.obj
 0003:0000124c       ??_7SaveLoadSubSystemClass@@6B@ 1282d24c     PersistFactoryClass.obj
 0003:00001278       ??_7PersistClass@@6B@      1282d278     TDBCategoryClass.obj
 0003:00001294       ??_7TDBCategoryClass@@6B@  1282d294     TDBCategoryClass.obj
 0003:000012b0       ??_7?$SimplePersistFactoryClass@VTDBCategoryClass@@$0JAAAC@@@6B@ 1282d2b0     TDBCategoryClass.obj
 0003:000012c4       ??_C@_0DP@FBPMAOHF@SimplePersistFactoryClass?$DMclass?5@ 1282d2c4     TDBCategoryClass.obj
 0003:00001310       ??_C@_0EF@BPIDEJHJ@x?3?2github?2renegade?2dragonade_rxd@ 1282d310     TDBCategoryClass.obj
 0003:00001368       ??_C@_1IK@JLMLKCKA@?$AAx?$AA?3?$AA?2?$AAg?$AAi?$AAt?$AAh?$AAu?$AAb?$AA?2?$AAr?$AAe?$AAn?$AAe?$AAg?$AAa?$AAd?$AAe?$AA?2?$AAd?$AAr?$AAa?$AAg?$AAo?$AAn?$AAa?$AAd?$AAe?$AA_?$AAr?$AAx?$AAd@ 1282d368     TDBCategoryClass.obj
 0003:00001418       ??_7?$VectorClass@VWideStringClass@@@@6B@ 1282d418     TDBObjClass.obj
 0003:0000143c       ??_7?$DynamicVectorClass@VWideStringClass@@@@6B@ 1282d43c     TDBObjClass.obj
 0003:00001464       ??_7TDBObjClass@@6B@       1282d464     TDBObjClass.obj
 0003:000014d4       ??_C@_0BD@CCMPBDCA@TDBObjClass?3?3Clone?$AA@ 1282d4d4     TDBObjClass.obj
 0003:000014ec       ??_C@_0DH@IIMPGHLA@x?3?2github?2renegade?2dragonade_rxd@ 1282d4ec     TDBObjClass.obj
 0003:00001530       ??_C@_1GO@EICHNPCK@?$AAx?$AA?3?$AA?2?$AAg?$AAi?$AAt?$AAh?$AAu?$AAb?$AA?2?$AAr?$AAe?$AAn?$AAe?$AAg?$AAa?$AAd?$AAe?$AA?2?$AAd?$AAr?$AAa?$AAg?$AAo?$AAn?$AAa?$AAd?$AAe?$AA_?$AAr?$AAx?$AAd@ 1282d530     TDBObjClass.obj
 0003:000015b8       ??_7?$SimplePersistFactoryClass@VTDBObjClass@@$0JAAAB@@@6B@ 1282d5b8     TDBObjClass.obj
 0003:000015cc       ??_C@_00CNPNBAHC@?$AA@     1282d5cc     TDBObjClass.obj
 0003:000015d0       ??_C@_0CL@GGJPOFFL@VectorClass?$DMclass?5WideStringClas@ 1282d5d0     TDBObjClass.obj
 0003:00001604       ??_C@_0CK@NCCEGELB@VectorClass?$DMclass?5WideStringClas@ 1282d604     TDBObjClass.obj
 0003:00001638       ??_C@_0DK@KEEKKCHH@SimplePersistFactoryClass?$DMclass?5@ 1282d638     TDBObjClass.obj
[...]
 0003:00003560       ??_R2TextFileClass@@8      1282f560     TranslateDBClass.obj
 0003:00003570       ??_R1A@?0A@EA@TextFileClass@@8 1282f570     TranslateDBClass.obj
 0003:00003594       ??_R4?$SList@VSoldierGameObj@@@@6B@ 1282f594     shared.obj
 0003:000035ac       ??_R3?$SList@VSoldierGameObj@@@@8 1282f5ac     shared.obj
 0003:000035c0       ??_R2?$SList@VSoldierGameObj@@@@8 1282f5c0     shared.obj
 0003:000035c8       ??_R1A@?0A@EA@?$SList@VSoldierGameObj@@@@8 1282f5c8     shared.obj
 0003:000035ec       ??_R4?$SList@VC4GameObj@@@@6B@ 1282f5ec     shared.obj
 0003:00003604       ??_R3?$SList@VC4GameObj@@@@8 1282f604     shared.obj
 0003:00003618       ??_R2?$SList@VC4GameObj@@@@8 1282f618     shared.obj
 0003:00003620       ??_R1A@?0A@EA@?$SList@VC4GameObj@@@@8 1282f620     shared.obj
 0003:00003644       ??_R4?$SList@VBeaconGameObj@@@@6B@ 1282f644     shared.obj
 0003:0000365c       ??_R3?$SList@VBeaconGameObj@@@@8 1282f65c     shared.obj
 0003:00003670       ??_R2?$SList@VBeaconGameObj@@@@8 1282f670     shared.obj
 0003:00003678       ??_R1A@?0A@EA@?$SList@VBeaconGameObj@@@@8 1282f678     shared.obj
 0003:0000369c       ??_R4?$SList@VVehicleGameObj@@@@6B@ 1282f69c     shared.obj
 0003:000036b4       ??_R3?$SList@VVehicleGameObj@@@@8 1282f6b4     shared.obj
 0003:000036c8       ??_R2?$SList@VVehicleGameObj@@@@8 1282f6c8     shared.obj
 0003:000036d0       ??_R1A@?0A@EA@?$SList@VVehicleGameObj@@@@8 1282f6d0     shared.obj
 0003:000036f4       ??_R4?$SList@VScriptZoneGameObj@@@@6B@ 1282f6f4     shared.obj
 0003:0000370c       ??_R3?$SList@VScriptZoneGameObj@@@@8 1282f70c     shared.obj
 0003:00003720       ??_R2?$SList@VScriptZoneGameObj@@@@8 1282f720     shared.obj
 0003:00003728       ??_R1A@?0A@EA@?$SList@VScriptZoneGameObj@@@@8 1282f728     shared.obj
 0003:0000374c       ??_R4type_info@@6B@        1282f74c     MSVCRTD:ti_inst.obj
 0003:00003764       ??_R3type_info@@8          1282f764     MSVCRTD:ti_inst.obj
 0003:00003778       ??_R2type_info@@8          1282f778     MSVCRTD:ti_inst.obj
 0003:00003780       ??_R1A@?0A@EA@type_info@@8 1282f780     MSVCRTD:ti_inst.obj
 0003:000038d8       ___rtc_iaa                 1282f8d8     MSVCRTD:initsect.obj
 0003:000039dc       ___rtc_izz                 1282f9dc     MSVCRTD:initsect.obj
 0003:00003ae0       ___rtc_taa                 1282fae0     MSVCRTD:initsect.obj
 0003:00003be4       ___rtc_tzz                 1282fbe4     MSVCRTD:initsect.obj
 0004:00000000       ?__LINE__Var@?1??Find_Typed_Definition@DefinitionMgrClass@@SAPAVDefinitionClass@@PBDI_N@Z@4JA@b2101402 12831000     DefinitionMgrClass.obj
 0004:00000004       ?__LINE__Var@?1??Free_Definitions@DefinitionMgrClass@@SAXXZ@4JA@b2101402 12831004     DefinitionMgrClass.obj
 0004:00000008       ?__LINE__Var@?1??Prepare_Definition_Array@DefinitionMgrClass@@SAXXZ@4JA@b2101402 12831008     DefinitionMgrClass.obj
 0004:0000000c       ??_R0?AVPostLoadableClass@@@8 1283100c     DefinitionMgrClass.obj
 0004:00000034       ??_R0?AVDefinitionMgrClass@@@8 12831034     DefinitionMgrClass.obj
 0004:0000005c       ??_R0?AVSaveLoadSubSystemClass@@@8 1283105c     DefinitionMgrClass.obj
 0004:00000088       ??_R0?AV?$DynamicVectorClass@PAVDefinitionClass@@@@@8 12831088     DefinitionMgrClass.obj
 0004:000000cc       ??_R0?AV?$VectorClass@PAVDefinitionClass@@@@@8 128310cc     DefinitionMgrClass.obj
 0004:00000108       ?Exe@@3HA                  12831108     engine_common.obj
 0004:0000010c       ?__LINE__Var@?1??Allocate_Buffer@StringClass@@AAEPADH@Z@4JA 1283110c     engine_string.obj
 0004:00000110       ?__LINE__Var@?1??Allocate_Buffer@WideStringClass@@AAEPA_WH@Z@4JA 12831110     engine_string.obj
 0004:00000114       ?__LINE__Var@?1??Free_String@StringClass@@AAEXXZ@4JA 12831114     engine_string.obj
 0004:00000118       ?__LINE__Var@?1??Replace@StringClass@@QAEHPBD0_NH@Z@4JA 12831118     engine_string.obj
 0004:0000011c       ?__LINE__Var@?1??Free_String@WideStringClass@@AAEXXZ@4JA 1283111c     engine_string.obj
 0004:00000120       ?__LINE__Var@?1??CharToWideChar@@YAPB_WPBD@Z@4JA 12831120     engine_string.obj
 0004:00000124       ?__LINE__Var@?1??WideCharToChar@@YAPBDPB_W@Z@4JA 12831124     engine_string.obj
 0004:00000128       ?__LINE__Var@?1??newstr@@YAPADPBD@Z@4JA 12831128     engine_string.obj
 0004:0000012c       ?__LINE__Var@?1??newwcs@@YAPA_WPB_W@Z@4JA 1283112c     engine_string.obj
 0004:00000130       ??_R0?AVPersistFactoryClass@@@8 12831130     PersistFactoryClass.obj
 0004:00000158       ??_R0?AVPersistClass@@@8   12831158     TDBCategoryClass.obj
 0004:00000178       ??_R0?AVTDBCategoryClass@@@8 12831178     TDBCategoryClass.obj
 0004:000001a0       ??_R0?AV?$SimplePersistFactoryClass@VTDBCategoryClass@@$0JAAAC@@@@8 128311a0     TDBCategoryClass.obj
 0004:000001f4       ??_R0?AVTDBObjClass@@@8    128311f4     TDBObjClass.obj
 0004:00000214       ??_R0?AV?$DynamicVectorClass@VWideStringClass@@@@@8 12831214     TDBObjClass.obj
 0004:00000254       ??_R0?AV?$VectorClass@VWideStringClass@@@@@8 12831254     TDBObjClass.obj
 0004:00000290       ??_R0?AV?$SimplePersistFactoryClass@VTDBObjClass@@$0JAAAB@@@@8 12831290     TDBObjClass.obj
 0004:000002e0       ?STRING_NOT_FOUND@@3PB_WB  128312e0     TranslateDBClass.obj
 0004:000002e4       ?ENGLISH_STRING_NOT_FOUND@@3PBDB 128312e4     TranslateDBClass.obj
 0004:000002ec       ?__LINE__Var@?1??Free_Categories@TranslateDBClass@@KAXXZ@4JA@fac20d4b 128312ec     TranslateDBClass.obj
 0004:000002f0       ?__LINE__Var@?1??Free_Objects@TranslateDBClass@@KAXXZ@4JA@fac20d4b 128312f0     TranslateDBClass.obj
 0004:000002f4       ?__LINE__Var@?1??Validate_Data@TranslateDBClass@@KAXXZ@4JA@fac20d4b 128312f4     TranslateDBClass.obj
 0004:000002f8       ?__LINE__Var@?1??Add_Category@TranslateDBClass@@SAPAVTDBCategoryClass@@PBD@Z@4JA@fac20d4b 128312f8     TranslateDBClass.obj
 0004:000002fc       ?__LINE__Var@?1??Remove_Category@TranslateDBClass@@SA_NH@Z@4JA@fac20d4b 128312fc     TranslateDBClass.obj
 0004:00000300       ?__LINE__Var@?1??Remove_Object@TranslateDBClass@@SA_NH@Z@4JA@fac20d4b 12831300     TranslateDBClass.obj
 0004:00000304       ?__LINE__Var@?1??Import_Strings@TranslateDBClass@@SAXPBD@Z@4JA@fac20d4b 12831304     TranslateDBClass.obj
 0004:00000308       ??_R0?AVFileClass@@@8      12831308     TranslateDBClass.obj
 0004:00000324       ??_R0?AVTranslateDBClass@@@8 12831324     TranslateDBClass.obj
 0004:0000034c       ??_R0?AVRawFileClass@@@8   1283134c     TranslateDBClass.obj
 0004:0000036c       ??_R0?AVTextFileClass@@@8  1283136c     TranslateDBClass.obj
 0004:00000390       ??_R0?AV?$SList@VSoldierGameObj@@@@@8 12831390     shared.obj
 0004:000003c0       ??_R0?AV?$SList@VC4GameObj@@@@@8 128313c0     shared.obj
 0004:000003ec       ??_R0?AV?$SList@VBeaconGameObj@@@@@8 128313ec     shared.obj
 0004:0000041c       ??_R0?AV?$SList@VVehicleGameObj@@@@@8 1283141c     shared.obj
 0004:0000044c       ??_R0?AV?$SList@VScriptZoneGameObj@@@@@8 1283144c     shared.obj
 0004:00000480       ??_R0?AVtype_info@@@8      12831480     MSVCRTD:ti_inst.obj
 0004:000004a0       ___security_cookie         128314a0     MSVCRTD:gs_cookie.obj
 0004:000004a4       ___security_cookie_complement 128314a4     MSVCRTD:gs_cookie.obj
 0004:000004a8       ___native_dllmain_reason   128314a8     MSVCRTD:natstart.obj
 0004:000005d0       ?DefinitionHash@DefinitionMgrClass@@0PAV?$HashTemplateClass@VStringClass@@PAV?$DynamicVectorClass@PAVDefinitionClass@@@@@@A 128315d0     DefinitionMgrClass.obj
 0004:000005d4       ?_MaxDefinitionCount@DefinitionMgrClass@@0HA 128315d4     DefinitionMgrClass.obj
 0004:000005d8       ?_SortedDefinitionArray@DefinitionMgrClass@@0PAPAVDefinitionClass@@A 128315d8     DefinitionMgrClass.obj
 0004:000005dc       ?_DefinitionCount@DefinitionMgrClass@@0HA 128315dc     DefinitionMgrClass.obj
 0004:000005e0       ?_TheDefinitionMgr@@3VDefinitionMgrClass@@A 128315e0     DefinitionMgrClass.obj
 0004:000005f4       ?m_EmptyString@StringClass@@0AAPADA 128315f4     engine_string.obj
 0004:000005f8       ?m_NullChar@StringClass@@0AADA 128315f8     engine_string.obj
 0004:000005fc       ?m_EmptyString@WideStringClass@@0AAPA_WA 128315fc     engine_string.obj
 0004:00000600       ?m_NullChar@WideStringClass@@0AA_WA 12831600     engine_string.obj
 0004:00000608       ?instancex@?1??getInstance@?$Singleton@V?$ObjectPoolClass@VMultiListNodeClass@@$0BAA@@@@@SAAAV?$ObjectPoolClass@VMultiListNodeClass@@$0BAA@@@XZ@4V3@A 12831608     multilist.obj
 0004:00000620       ??_B?1??getInstance@?$Singleton@V?$ObjectPoolClass@VMultiListNodeClass@@$0BAA@@@@@SAAAV?$ObjectPoolClass@VMultiListNodeClass@@$0BAA@@@XZ@51 12831620     multilist.obj
 0004:00000624       ?PointerRemapper@SaveLoadSystemClass@@2AAVPointerRemapClass@@A 12831624     PersistFactoryClass.obj
 0004:00000628       ?_FactoryListHead@SaveLoadSystemClass@@2AAPAVPersistFactoryClass@@A 12831628     PersistFactoryClass.obj
 0004:0000062c       ?_SubSystemListHead@SaveLoadSystemClass@@2AAPAVSaveLoadSubSystemClass@@A 1283162c     PersistFactoryClass.obj
 0004:00000634       ?_TDBCategoryPersistFactory@@3V?$SimplePersistFactoryClass@VTDBCategoryClass@@$0JAAAC@@@A 12831634     TDBCategoryClass.obj
 0004:00000640       ?_TranslateObjPersistFactory@@3V?$SimplePersistFactoryClass@VTDBObjClass@@$0JAAAB@@@A 12831640     TDBObjClass.obj
 0004:0000064c       ?_TheTranslateDB@@3VTranslateDBClass@@A 1283164c     TranslateDBClass.obj
 0004:00000658       ?m_ObjectList@TranslateDBClass@@0AAV?$DynamicVectorClass@PAVTDBObjClass@@@@A 12831658     TranslateDBClass.obj
 0004:0000065c       ?m_ObjectHash@TranslateDBClass@@0AAV?$HashTemplateClass@VStringClass@@PAVTDBObjClass@@@@A 1283165c     TranslateDBClass.obj
 0004:00000660       ?m_CategoryList@TranslateDBClass@@0AAV?$DynamicVectorClass@PAVTDBCategoryClass@@@@A 12831660     TranslateDBClass.obj
 0004:00000664       ?m_VersionNumber@TranslateDBClass@@0AAIA 12831664     TranslateDBClass.obj
 0004:00000668       ?m_LanguageID@TranslateDBClass@@0AAIA 12831668     TranslateDBClass.obj
 0004:0000066c       ?IsSingleLanguageExport@TranslateDBClass@@0AA_NA 1283166c     TranslateDBClass.obj
 0004:00000670       ?FilterType@TranslateDBClass@@0AAW4FILTER_OPT@1@A 12831670     TranslateDBClass.obj
 0004:00000674       ?FilterCategoryID@TranslateDBClass@@0AAIA 12831674     TranslateDBClass.obj
 0004:00000680       ___@@_PchSym_@00@UtrgsfyUivmvtzwvUwiztlmzwvPicwUgvnkUhszivwUwvyftUtvmvizoOlyq@3918FD0DC02C95B3 12831680     General.obj
 0004:00000688       ?C4GameObjList@GameObjManager@@2V?$SList@VC4GameObj@@@@A 12831688     shared.obj
 0004:00000694       ?BeaconGameObjList@GameObjManager@@2V?$SList@VBeaconGameObj@@@@A 12831694     shared.obj
 0004:000006a0       ?SoldierGameObjList@GameObjManager@@2V?$SList@VSoldierGameObj@@@@A 128316a0     shared.obj
 0004:000006ac       ?VehicleGameObjList@GameObjManager@@2V?$SList@VVehicleGameObj@@@@A 128316ac     shared.obj
 0004:000006b8       ?ScriptZoneGameObjList@GameObjManager@@2V?$SList@VScriptZoneGameObj@@@@A 128316b8     shared.obj
 0004:000006d0       ?instancex@?1??getInstance@?$Singleton@V?$ObjectPoolClass@VGenericSLNode@@$0BAA@@@@@SAAAV?$ObjectPoolClass@VGenericSLNode@@$0BAA@@@XZ@4V3@A 128316d0     shared.obj
 0004:000006e8       ??_B?1??getInstance@?$Singleton@V?$ObjectPoolClass@VGenericSLNode@@$0BAA@@@@@SAAAV?$ObjectPoolClass@VGenericSLNode@@$0BAA@@@XZ@51 128316e8     shared.obj
 0004:000006ec       __tls_index                128316ec     MSVCRTD:tlssup.obj
 0004:000006f4       ?__type_info_root_node@@3U__type_info_node@@A 128316f4     MSVCRTD:tncleanup.obj
 0004:00000ac0       ___native_startup_lock     12831ac0     <common>
 0004:00000ad0       ___native_startup_state    12831ad0     <common>
 0004:00000ad4       ___dyn_tls_init_callback   12831ad4     <common>
 0004:00000ae0       ___onexitend               12831ae0     <common>
 0004:00000af0       ___onexitbegin             12831af0     <common>
 0005:00000000       __IMPORT_DESCRIPTOR_MemoryManager 12832000     MemoryManager:MemoryManager.dll
 0005:00000014       __IMPORT_DESCRIPTOR_MSVCR110D 12832014     MSVCRTD:MSVCR110D.dll
 0005:00000028       __IMPORT_DESCRIPTOR_KERNEL32 12832028     kernel32:KERNEL32.dll
 0005:0000003c       __NULL_IMPORT_DESCRIPTOR   1283203c     MemoryManager:MemoryManager.dll
 0005:0000024c       __imp__IsProcessorFeaturePresent@4 1283224c     kernel32:KERNEL32.dll
 0005:00000250       __imp__IsDebuggerPresent@0 12832250     kernel32:KERNEL32.dll
 0005:00000254       __imp__DisableThreadLibraryCalls@4 12832254     kernel32:KERNEL32.dll
 0005:00000258       __imp__GetSystemTimeAsFileTime@4 12832258     kernel32:KERNEL32.dll
 0005:0000025c       __imp__GetCurrentThreadId@0 1283225c     kernel32:KERNEL32.dll
 0005:00000260       __imp__QueryPerformanceCounter@4 12832260     kernel32:KERNEL32.dll
 0005:00000264       __imp__DecodePointer@4     12832264     kernel32:KERNEL32.dll
 0005:00000268       __imp__EncodePointer@4     12832268     kernel32:KERNEL32.dll
 0005:0000026c       __imp__DeleteFileA@4       1283226c     kernel32:KERNEL32.dll
 0005:00000270       __imp__GetFileAttributesA@4 12832270     kernel32:KERNEL32.dll
 0005:00000274       __imp__CreateFileA@28      12832274     kernel32:KERNEL32.dll
 0005:00000278       __imp__DosDateTimeToFileTime@12 12832278     kernel32:KERNEL32.dll
 0005:0000027c       __imp__FileTimeToDosDateTime@12 1283227c     kernel32:KERNEL32.dll
 0005:00000280       __imp__CloseHandle@4       12832280     kernel32:KERNEL32.dll
 0005:00000284       __imp__SetFileTime@16      12832284     kernel32:KERNEL32.dll
 0005:00000288       __imp__SetFilePointer@16   12832288     kernel32:KERNEL32.dll
 0005:0000028c       __imp__ReadFile@20         1283228c     kernel32:KERNEL32.dll
 0005:00000290       __imp__WriteFile@20        12832290     kernel32:KERNEL32.dll
 0005:00000294       __imp__GetFileSize@8       12832294     kernel32:KERNEL32.dll
 0005:00000298       __imp__GetFileInformationByHandle@8 12832298     kernel32:KERNEL32.dll
 0005:0000029c       __imp__GetLastError@0      1283229c     kernel32:KERNEL32.dll
 0005:000002a0       __imp__OutputDebugStringA@4 128322a0     kernel32:KERNEL32.dll
 0005:000002a4       __imp__DebugBreak@0        128322a4     kernel32:KERNEL32.dll
 0005:000002a8       __imp__GetCurrentProcess@0 128322a8     kernel32:KERNEL32.dll
 0005:000002ac       __imp__VirtualProtectEx@20 128322ac     kernel32:KERNEL32.dll
 0005:000002b0       __imp__GetCurrentProcessId@0 128322b0     kernel32:KERNEL32.dll
 0005:000002b4       \177KERNEL32_NULL_THUNK_DATA 128322b4     kernel32:KERNEL32.dll
 0005:000002f4       __imp__fgetws              128322f4     MSVCRTD:MSVCR110D.dll
 0005:000002f8       __imp__fwprintf_s          128322f8     MSVCRTD:MSVCR110D.dll
 0005:000002fc       __imp__wcschr              128322fc     MSVCRTD:MSVCR110D.dll
 0005:00000300       __imp__wcsrchr             12832300     MSVCRTD:MSVCR110D.dll
 0005:00000304       __imp__fopen               12832304     MSVCRTD:MSVCR110D.dll
 0005:00000308       __imp__strrchr             12832308     MSVCRTD:MSVCR110D.dll
 0005:0000030c       __imp___lock               1283230c     MSVCRTD:MSVCR110D.dll
 0005:00000310       __imp___unlock             12832310     MSVCRTD:MSVCR110D.dll
 0005:00000314       __imp___CrtDbgReportW      12832314     MSVCRTD:MSVCR110D.dll
 0005:00000318       __imp___calloc_dbg         12832318     MSVCRTD:MSVCR110D.dll
 0005:0000031c       __imp____dllonexit         1283231c     MSVCRTD:MSVCR110D.dll
 0005:00000320       __imp___wtoi               12832320     MSVCRTD:MSVCR110D.dll
 0005:00000324       __imp_??1type_info@@UAE@XZ 12832324     MSVCRTD:MSVCR110D.dll
 0005:00000328       __imp__vsnprintf           12832328     MSVCRTD:MSVCR110D.dll
 0005:00000328       __imp___vsnprintf          12832328     MSVCRTD:MSVCR110D.dll
 0005:0000032c       __imp____CppXcptFilter     1283232c     MSVCRTD:MSVCR110D.dll
 0005:00000330       __imp___amsg_exit          12832330     MSVCRTD:MSVCR110D.dll
 0005:00000334       __imp___malloc_dbg         12832334     MSVCRTD:MSVCR110D.dll
 0005:00000338       __imp___free_dbg           12832338     MSVCRTD:MSVCR110D.dll
 0005:0000033c       __imp___CrtSetCheckCount   1283233c     MSVCRTD:MSVCR110D.dll
 0005:00000340       __imp___initterm           12832340     MSVCRTD:MSVCR110D.dll
 0005:00000344       __imp___initterm_e         12832344     MSVCRTD:MSVCR110D.dll
 0005:00000348       __imp___except_handler4_common 12832348     MSVCRTD:MSVCR110D.dll
 0005:0000034c       __imp_?terminate@@YAXXZ    1283234c     MSVCRTD:MSVCR110D.dll
 0005:00000350       __imp____clean_type_info_names_internal 12832350     MSVCRTD:MSVCR110D.dll
 0005:00000354       __imp___crt_debugger_hook  12832354     MSVCRTD:MSVCR110D.dll
 0005:00000358       __imp____crtUnhandledException 12832358     MSVCRTD:MSVCR110D.dll
 0005:0000035c       __imp____crtTerminateProcess 1283235c     MSVCRTD:MSVCR110D.dll
 0005:00000360       __imp___errno              12832360     MSVCRTD:MSVCR110D.dll
 0005:00000364       __imp___purecall           12832364     MSVCRTD:MSVCR110D.dll
 0005:00000368       __imp__sprintf             12832368     MSVCRTD:MSVCR110D.dll
 0005:0000036c       __imp__isspace             1283236c     MSVCRTD:MSVCR110D.dll
 0005:00000370       __imp__strstr              12832370     MSVCRTD:MSVCR110D.dll
 0005:00000374       __imp___strnicmp           12832374     MSVCRTD:MSVCR110D.dll
 0005:00000378       __imp__memmove             12832378     MSVCRTD:MSVCR110D.dll
 0005:0000037c       __imp__wcsrtombs           1283237c     MSVCRTD:MSVCR110D.dll
 0005:00000380       __imp__mbsrtowcs           12832380     MSVCRTD:MSVCR110D.dll
 0005:00000384       __imp___wcsnicmp           12832384     MSVCRTD:MSVCR110D.dll
 0005:00000388       __imp___vsnwprintf         12832388     MSVCRTD:MSVCR110D.dll
 0005:0000038c       __imp__wcstombs            1283238c     MSVCRTD:MSVCR110D.dll
 0005:00000390       __imp__mbstowcs            12832390     MSVCRTD:MSVCR110D.dll
 0005:00000394       __imp__memcmp              12832394     MSVCRTD:MSVCR110D.dll
 0005:00000398       __imp__memcpy              12832398     MSVCRTD:MSVCR110D.dll
 0005:0000039c       __imp___strlwr             1283239c     MSVCRTD:MSVCR110D.dll
 0005:000003a0       __imp___stricmp            128323a0     MSVCRTD:MSVCR110D.dll
 0005:000003a0       __imp___strcmpi            128323a0     MSVCRTD:MSVCR110D.dll
 0005:000003a4       __imp__qsort               128323a4     MSVCRTD:MSVCR110D.dll
 0005:000003a8       __imp___wassert            128323a8     MSVCRTD:MSVCR110D.dll
 0005:000003ac       __imp__memset              128323ac     MSVCRTD:MSVCR110D.dll
 0005:000003b0       __imp___onexit             128323b0     MSVCRTD:MSVCR110D.dll
 0005:000003b4       \177MSVCR110D_NULL_THUNK_DATA 128323b4     MSVCRTD:MSVCR110D.dll
 0005:00000404       __imp_?SetThreadTrackingInformation@@YAXPBDI0@Z 12832404     MemoryManager:MemoryManager.dll
 0005:00000408       __imp_??_U@YAPAXI@Z        12832408     MemoryManager:MemoryManager.dll
 0005:0000040c       __imp_??_V@YAXPAX@Z        1283240c     MemoryManager:MemoryManager.dll
 0005:00000410       __imp_??3@YAXPAX@Z         12832410     MemoryManager:MemoryManager.dll
 0005:00000414       __imp_??2@YAPAXI@Z         12832414     MemoryManager:MemoryManager.dll
 0005:00000418       \177MemoryManager_NULL_THUNK_DATA 12832418     MemoryManager:MemoryManager.dll
 0006:00000000       __tls_start                12833000     MSVCRTD:tlssup.obj
 0006:00000108       ?FreeTempStrings@StringClass@@0IA 12833108     engine_string.obj
 0006:0000010c       ?FreeTempStrings@WideStringClass@@0IA 1283310c     engine_string.obj
 0006:00000110       ?TempStrings@StringClass@@0PAY0BAA@DA 12833110     engine_string.obj
 0006:00000910       ?TempStrings@WideStringClass@@0PAY0CAI@DA 12833910     engine_string.obj
 0006:0000156b       __tls_end                  1283456b     MSVCRTD:tlssup.obj

 entry point at        0002:000007bc

